Archive member included to satisfy reference by file (symbol)

/home/ubuntu/toolchain/bin/../lib/gcc/arm-none-eabi/12.2.1/../../../../arm-none-eabi/lib/thumb/v8-m.main+fp/hard/libc_nano.a(libc_a-exit.o)
                              /home/ubuntu/toolchain/bin/../lib/gcc/arm-none-eabi/12.2.1/../../../../arm-none-eabi/lib/thumb/v8-m.main+fp/hard/crt0.o (exit)
/home/ubuntu/toolchain/bin/../lib/gcc/arm-none-eabi/12.2.1/../../../../arm-none-eabi/lib/thumb/v8-m.main+fp/hard/libc_nano.a(libc_a-malloc.o)
                              CMakeFiles/lpspi_polling_b2b_transfer_master_cm33.elf.dir/home/ubuntu/freertos/devices/MIMX9352/drivers/fsl_common.c.obj (malloc)
/home/ubuntu/toolchain/bin/../lib/gcc/arm-none-eabi/12.2.1/../../../../arm-none-eabi/lib/thumb/v8-m.main+fp/hard/libc_nano.a(libc_a-mallocr.o)
                              /home/ubuntu/toolchain/bin/../lib/gcc/arm-none-eabi/12.2.1/../../../../arm-none-eabi/lib/thumb/v8-m.main+fp/hard/libc_nano.a(libc_a-malloc.o) (_malloc_r)
/home/ubuntu/toolchain/bin/../lib/gcc/arm-none-eabi/12.2.1/../../../../arm-none-eabi/lib/thumb/v8-m.main+fp/hard/libc_nano.a(libc_a-mlock.o)
                              /home/ubuntu/toolchain/bin/../lib/gcc/arm-none-eabi/12.2.1/../../../../arm-none-eabi/lib/thumb/v8-m.main+fp/hard/libc_nano.a(libc_a-mallocr.o) (__malloc_lock)
/home/ubuntu/toolchain/bin/../lib/gcc/arm-none-eabi/12.2.1/../../../../arm-none-eabi/lib/thumb/v8-m.main+fp/hard/libc_nano.a(libc_a-strtoul.o)
                              CMakeFiles/lpspi_polling_b2b_transfer_master_cm33.elf.dir/home/ubuntu/freertos/devices/MIMX9352/utilities/str/fsl_str.c.obj (strtoul)
/home/ubuntu/toolchain/bin/../lib/gcc/arm-none-eabi/12.2.1/../../../../arm-none-eabi/lib/thumb/v8-m.main+fp/hard/libc_nano.a(libc_a-ctype_.o)
                              /home/ubuntu/toolchain/bin/../lib/gcc/arm-none-eabi/12.2.1/../../../../arm-none-eabi/lib/thumb/v8-m.main+fp/hard/libc_nano.a(libc_a-strtoul.o) (_ctype_)
/home/ubuntu/toolchain/bin/../lib/gcc/arm-none-eabi/12.2.1/../../../../arm-none-eabi/lib/thumb/v8-m.main+fp/hard/libc_nano.a(libc_a-findfp.o)
                              /home/ubuntu/toolchain/bin/../lib/gcc/arm-none-eabi/12.2.1/../../../../arm-none-eabi/lib/thumb/v8-m.main+fp/hard/libc_nano.a(libc_a-exit.o) (__stdio_exit_handler)
/home/ubuntu/toolchain/bin/../lib/gcc/arm-none-eabi/12.2.1/../../../../arm-none-eabi/lib/thumb/v8-m.main+fp/hard/libc_nano.a(libc_a-fwalk.o)
                              /home/ubuntu/toolchain/bin/../lib/gcc/arm-none-eabi/12.2.1/../../../../arm-none-eabi/lib/thumb/v8-m.main+fp/hard/libc_nano.a(libc_a-findfp.o) (_fwalk_sglue)
/home/ubuntu/toolchain/bin/../lib/gcc/arm-none-eabi/12.2.1/../../../../arm-none-eabi/lib/thumb/v8-m.main+fp/hard/libc_nano.a(libc_a-stdio.o)
                              /home/ubuntu/toolchain/bin/../lib/gcc/arm-none-eabi/12.2.1/../../../../arm-none-eabi/lib/thumb/v8-m.main+fp/hard/libc_nano.a(libc_a-findfp.o) (__sread)
/home/ubuntu/toolchain/bin/../lib/gcc/arm-none-eabi/12.2.1/../../../../arm-none-eabi/lib/thumb/v8-m.main+fp/hard/libc_nano.a(libc_a-memset.o)
                              /home/ubuntu/toolchain/bin/../lib/gcc/arm-none-eabi/12.2.1/../../../../arm-none-eabi/lib/thumb/v8-m.main+fp/hard/crt0.o (memset)
/home/ubuntu/toolchain/bin/../lib/gcc/arm-none-eabi/12.2.1/../../../../arm-none-eabi/lib/thumb/v8-m.main+fp/hard/libc_nano.a(libc_a-closer.o)
                              /home/ubuntu/toolchain/bin/../lib/gcc/arm-none-eabi/12.2.1/../../../../arm-none-eabi/lib/thumb/v8-m.main+fp/hard/libc_nano.a(libc_a-stdio.o) (_close_r)
/home/ubuntu/toolchain/bin/../lib/gcc/arm-none-eabi/12.2.1/../../../../arm-none-eabi/lib/thumb/v8-m.main+fp/hard/libc_nano.a(libc_a-reent.o)
                              /home/ubuntu/toolchain/bin/../lib/gcc/arm-none-eabi/12.2.1/../../../../arm-none-eabi/lib/thumb/v8-m.main+fp/hard/libc_nano.a(libc_a-closer.o) (errno)
/home/ubuntu/toolchain/bin/../lib/gcc/arm-none-eabi/12.2.1/../../../../arm-none-eabi/lib/thumb/v8-m.main+fp/hard/libc_nano.a(libc_a-impure.o)
                              /home/ubuntu/toolchain/bin/../lib/gcc/arm-none-eabi/12.2.1/../../../../arm-none-eabi/lib/thumb/v8-m.main+fp/hard/libc_nano.a(libc_a-malloc.o) (_impure_ptr)
/home/ubuntu/toolchain/bin/../lib/gcc/arm-none-eabi/12.2.1/../../../../arm-none-eabi/lib/thumb/v8-m.main+fp/hard/libc_nano.a(libc_a-lseekr.o)
                              /home/ubuntu/toolchain/bin/../lib/gcc/arm-none-eabi/12.2.1/../../../../arm-none-eabi/lib/thumb/v8-m.main+fp/hard/libc_nano.a(libc_a-stdio.o) (_lseek_r)
/home/ubuntu/toolchain/bin/../lib/gcc/arm-none-eabi/12.2.1/../../../../arm-none-eabi/lib/thumb/v8-m.main+fp/hard/libc_nano.a(libc_a-readr.o)
                              /home/ubuntu/toolchain/bin/../lib/gcc/arm-none-eabi/12.2.1/../../../../arm-none-eabi/lib/thumb/v8-m.main+fp/hard/libc_nano.a(libc_a-stdio.o) (_read_r)
/home/ubuntu/toolchain/bin/../lib/gcc/arm-none-eabi/12.2.1/../../../../arm-none-eabi/lib/thumb/v8-m.main+fp/hard/libc_nano.a(libc_a-sbrkr.o)
[...]
Memory Configuration

Name             Origin             Length             Attributes
m_interrupts     0x0ffe0000         0x00000478         xr
m_text           0x0ffe0478         0x0001fb88         xr
m_m33_suspend_ram 0x20000000         0x00002000         rw
m_a55_suspend_ram 0x20002000         0x00001000         rw
m_data           0x20003000         0x0001b000         rw
m_rsc_tbl        0x2001e000         0x00001000         rw
*default*        0x00000000         0xffffffff

Linker script and memory map

LOAD /home/ubuntu/toolchain/bin/../lib/gcc/arm-none-eabi/12.2.1/thumb/v8-m.main+fp/hard/crti.o
LOAD /home/ubuntu/toolchain/bin/../lib/gcc/arm-none-eabi/12.2.1/thumb/v8-m.main+fp/hard/crtbegin.o
LOAD /home/ubuntu/toolchain/bin/../lib/gcc/arm-none-eabi/12.2.1/../../../../arm-none-eabi/lib/thumb/v8-m.main+fp/hard/crt0.o
LOAD CMakeFiles/lpspi_polling_b2b_transfer_master_cm33.elf.dir/home/ubuntu/freertos/boards/mcimx93evk/driver_examples/lpspi/polling_b2b_transfer/master/lpspi_polling_b2b_transfer_master.c.obj
LOAD CMakeFiles/lpspi_polling_b2b_transfer_master_cm33.elf.dir/home/ubuntu/freertos/boards/mcimx93evk/driver_examples/lpspi/polling_b2b_transfer/master/board.c.obj
LOAD CMakeFiles/lpspi_polling_b2b_transfer_master_cm33.elf.dir/home/ubuntu/freertos/boards/mcimx93evk/driver_examples/lpspi/polling_b2b_transfer/master/clock_config.c.obj
LOAD CMakeFiles/lpspi_polling_b2b_transfer_master_cm33.elf.dir/home/ubuntu/freertos/boards/mcimx93evk/driver_examples/lpspi/polling_b2b_transfer/master/pin_mux.c.obj
LOAD CMakeFiles/lpspi_polling_b2b_transfer_master_cm33.elf.dir/home/ubuntu/freertos/boards/mcimx93evk/driver_examples/lpspi/polling_b2b_transfer/master/hardware_init.c.obj
LOAD CMakeFiles/lpspi_polling_b2b_transfer_master_cm33.elf.dir/home/ubuntu/freertos/components/uart/fsl_adapter_lpuart.c.obj
LOAD CMakeFiles/lpspi_polling_b2b_transfer_master_cm33.elf.dir/home/ubuntu/freertos/devices/MIMX9352/gcc/startup_MIMX9352_cm33.S.obj
LOAD CMakeFiles/lpspi_polling_b2b_transfer_master_cm33.elf.dir/home/ubuntu/freertos/devices/MIMX9352/system_MIMX9352_cm33.c.obj
LOAD CMakeFiles/lpspi_polling_b2b_transfer_master_cm33.elf.dir/home/ubuntu/freertos/components/expander/adp5585/fsl_adp5585.c.obj
LOAD CMakeFiles/lpspi_polling_b2b_transfer_master_cm33.elf.dir/home/ubuntu/freertos/devices/MIMX9352/drivers/fsl_cache.c.obj
LOAD CMakeFiles/lpspi_polling_b2b_transfer_master_cm33.elf.dir/home/ubuntu/freertos/devices/MIMX9352/drivers/fsl_clock.c.obj
LOAD CMakeFiles/lpspi_polling_b2b_transfer_master_cm33.elf.dir/home/ubuntu/freertos/devices/MIMX9352/drivers/fsl_common.c.obj
LOAD CMakeFiles/lpspi_polling_b2b_transfer_master_cm33.elf.dir/home/ubuntu/freertos/devices/MIMX9352/drivers/fsl_common_arm.c.obj
LOAD CMakeFiles/lpspi_polling_b2b_transfer_master_cm33.elf.dir/home/ubuntu/freertos/devices/MIMX9352/drivers/fsl_lpi2c.c.obj
LOAD CMakeFiles/lpspi_polling_b2b_transfer_master_cm33.elf.dir/home/ubuntu/freertos/devices/MIMX9352/drivers/fsl_lpspi.c.obj
LOAD CMakeFiles/lpspi_polling_b2b_transfer_master_cm33.elf.dir/home/ubuntu/freertos/devices/MIMX9352/drivers/fsl_lpuart.c.obj
LOAD CMakeFiles/lpspi_polling_b2b_transfer_master_cm33.elf.dir/home/ubuntu/freertos/devices/MIMX9352/drivers/fsl_rgpio.c.obj
LOAD CMakeFiles/lpspi_polling_b2b_transfer_master_cm33.elf.dir/home/ubuntu/freertos/devices/MIMX9352/utilities/fsl_syscall_stub.c.obj
LOAD CMakeFiles/lpspi_polling_b2b_transfer_master_cm33.elf.dir/home/ubuntu/freertos/devices/MIMX9352/utilities/fsl_sbrk.c.obj
LOAD CMakeFiles/lpspi_polling_b2b_transfer_master_cm33.elf.dir/home/ubuntu/freertos/devices/MIMX9352/utilities/fsl_memcpy.S.obj
LOAD CMakeFiles/lpspi_polling_b2b_transfer_master_cm33.elf.dir/home/ubuntu/freertos/devices/MIMX9352/utilities/debug_console_lite/fsl_assert.c.obj
LOAD CMakeFiles/lpspi_polling_b2b_transfer_master_cm33.elf.dir/home/ubuntu/freertos/devices/MIMX9352/utilities/debug_console_lite/fsl_debug_console.c.obj
LOAD CMakeFiles/lpspi_polling_b2b_transfer_master_cm33.elf.dir/home/ubuntu/freertos/devices/MIMX9352/utilities/str/fsl_str.c.obj
START GROUP
LOAD /home/ubuntu/toolchain/bin/../lib/gcc/arm-none-eabi/12.2.1/../../../../arm-none-eabi/lib/thumb/v8-m.main+fp/hard/libm.a
LOAD /home/ubuntu/toolchain/bin/../lib/gcc/arm-none-eabi/12.2.1/../../../../arm-none-eabi/lib/thumb/v8-m.main+fp/hard/libc_nano.a
LOAD /home/ubuntu/toolchain/bin/../lib/gcc/arm-none-eabi/12.2.1/thumb/v8-m.main+fp/hard/libgcc.a
LOAD /home/ubuntu/toolchain/bin/../lib/gcc/arm-none-eabi/12.2.1/../../../../arm-none-eabi/lib/thumb/v8-m.main+fp/hard/libnosys.a
END GROUP
START GROUP
LOAD /home/ubuntu/toolchain/bin/../lib/gcc/arm-none-eabi/12.2.1/thumb/v8-m.main+fp/hard/libgcc.a
LOAD /home/ubuntu/toolchain/bin/../lib/gcc/arm-none-eabi/12.2.1/../../../../arm-none-eabi/lib/thumb/v8-m.main+fp/hard/libc_nano.a
END GROUP
START GROUP
LOAD /home/ubuntu/toolchain/bin/../lib/gcc/arm-none-eabi/12.2.1/thumb/v8-m.main+fp/hard/libgcc.a
LOAD /home/ubuntu/toolchain/bin/../lib/gcc/arm-none-eabi/12.2.1/../../../../arm-none-eabi/lib/thumb/v8-m.main+fp/hard/libc_nano.a
LOAD /home/ubuntu/toolchain/bin/../lib/gcc/arm-none-eabi/12.2.1/../../../../arm-none-eabi/lib/thumb/v8-m.main+fp/hard/libnosys.a
END GROUP
START GROUP
LOAD /home/ubuntu/toolchain/bin/../lib/gcc/arm-none-eabi/12.2.1/thumb/v8-m.main+fp/hard/libgcc.a
LOAD /home/ubuntu/toolchain/bin/../lib/gcc/arm-none-eabi/12.2.1/../../../../arm-none-eabi/lib/thumb/v8-m.main+fp/hard/libc_nano.a
LOAD /home/ubuntu/toolchain/bin/../lib/gcc/arm-none-eabi/12.2.1/../../../../arm-none-eabi/lib/thumb/v8-m.main+fp/hard/libnosys.a
END GROUP
LOAD /home/ubuntu/toolchain/bin/../lib/gcc/arm-none-eabi/12.2.1/thumb/v8-m.main+fp/hard/crtend.o
LOAD /home/ubuntu/toolchain/bin/../lib/gcc/arm-none-eabi/12.2.1/thumb/v8-m.main+fp/hard/crtn.o
                0x00000400                        HEAP_SIZE = DEFINED (__heap_size__)?__heap_size__:0x400
                0x00000400                        STACK_SIZE = DEFINED (__stack_size__)?__stack_size__:0x400
                0x00000000                        M_VECTOR_RAM_SIZE = DEFINED (__ram_vector_table__)?0x478:0x0

.interrupts     0x0ffe0000      0x474
                0x0ffe0000                        __VECTOR_TABLE = .
                0x0ffe0000                        __Vectors = .
                0x0ffe0000                        . = ALIGN (0x4)
 *(.isr_vector)
 .isr_vector    0x0ffe0000      0x474 CMakeFiles/lpspi_polling_b2b_transfer_master_cm33.elf.dir/home/ubuntu/freertos/devices/MIMX9352/gcc/startup_MIMX9352_cm33.S.obj
                0x0ffe0000                __isr_vector
                0x0ffe0474                        . = ALIGN (0x4)

.resource_table
                0x0ffe0478        0x0
                0x0ffe0478                        . = ALIGN (0x8)
 *(.resource_table)
                0x0ffe0478                        . = ALIGN (0x8)

.text           0x0ffe0478     0x2bb0
                0x0ffe0478                        . = ALIGN (0x4)
 *(.text)
 .text          0x0ffe0478       0x7c /home/ubuntu/toolchain/bin/../lib/gcc/arm-none-eabi/12.2.1/../../../../arm-none-eabi/lib/thumb/v8-m.main+fp/hard/crt0.o
                0x0ffe0478                _stack_init
                0x0ffe0480                _mainCRTStartup
                0x0ffe0480                _start
 .text          0x0ffe04f4      0x4ac CMakeFiles/lpspi_polling_b2b_transfer_master_cm33.elf.dir/home/ubuntu/freertos/devices/MIMX9352/gcc/startup_MIMX9352_cm33.S.obj
                0x0ffe04f4                Reset_Handler
                0x0ffe056c                Reserved18_IRQHandler
                0x0ffe056c                DMA4_14_15_DriverIRQHandler
                0x0ffe056c                Reserved16_IRQHandler
                0x0ffe056c                MU2_A_IRQHandler
                0x0ffe056c                Reserved179_IRQHandler
                0x0ffe056c                DMA4_20_21_DriverIRQHandler
                0x0ffe056c                DebugMon_Handler
                0x0ffe056c                Reserved178_IRQHandler
                0x0ffe056c                Reserved220_IRQHandler
                0x0ffe056c                Reserved88_IRQHandler
                0x0ffe056c                Reserved243_IRQHandler
                0x0ffe056c                Reserved65_IRQHandler
                0x0ffe056c                Reserved229_IRQHandler
                0x0ffe056c                Reserved76_IRQHandler
                0x0ffe056c                Reserved248_IRQHandler
                0x0ffe056c                Reserved64_IRQHandler
                0x0ffe056c                Reserved60_IRQHandler
                0x0ffe056c                Reserved236_IRQHandler
                0x0ffe056c                Reserved225_IRQHandler
                0x0ffe056c                CSI_IRQHandler
                0x0ffe056c                Reserved50_IRQHandler
                0x0ffe056c                TRDC_IRQHandler
                0x0ffe056c                Reserved183_IRQHandler
                0x0ffe056c                LPIT2_IRQHandler
                0x0ffe056c                Reserved19_IRQHandler
                0x0ffe056c                DMA4_0_1_DriverIRQHandler
                0x0ffe056c                Reserved74_IRQHandler
                0x0ffe056c                Reserved89_IRQHandler
                0x0ffe056c                Reserved59_IRQHandler
                0x0ffe056c                LPTMR2_IRQHandler
                0x0ffe056c                Reserved272_IRQHandler
                0x0ffe056c                Reserved263_IRQHandler
                0x0ffe056c                DMA4_58_59_DriverIRQHandler
                0x0ffe056c                ENET_1588_DriverIRQHandler
                0x0ffe056c                DMA4_52_53_DriverIRQHandler
                0x0ffe056c                Reserved42_IRQHandler
                0x0ffe056c                Reserved22_IRQHandler
                0x0ffe056c                Reserved75_IRQHandler
                0x0ffe056c                Reserved238_IRQHandler
                0x0ffe056c                Reserved280_IRQHandler
                0x0ffe056c                Reserved268_IRQHandler
                0x0ffe056c                DMA4_10_11_DriverIRQHandler
                0x0ffe056c                DMA4_34_35_DriverIRQHandler
                0x0ffe056c                Reserved176_IRQHandler
                0x0ffe056c                Reserved224_IRQHandler
                0x0ffe056c                FLEXIO2_DriverIRQHandler
                0x0ffe056c                UsageFault_Handler
                0x0ffe056c                WDOG1_IRQHandler
                0x0ffe056c                Reserved265_IRQHandler
                0x0ffe056c                Reserved57_IRQHandler
                0x0ffe056c                Reserved257_IRQHandler
                0x0ffe056c                DefaultISR
                0x0ffe056c                Reserved250_IRQHandler
                0x0ffe056c                Reserved58_IRQHandler
                0x0ffe056c                Reserved264_IRQHandler
                0x0ffe056c                Reserved261_IRQHandler
                0x0ffe056c                Reserved284_IRQHandler
                0x0ffe056c                I3C2_DriverIRQHandler
                0x0ffe056c                Reserved230_IRQHandler
                0x0ffe056c                Reserved279_IRQHandler
                0x0ffe056c                Reserved182_IRQHandler
                0x0ffe056c                DMA4_50_51_DriverIRQHandler
                0x0ffe056c                Reserved180_IRQHandler
                0x0ffe056c                Reserved267_IRQHandler
                0x0ffe056c                Reserved239_IRQHandler
                0x0ffe056c                MU1_B_IRQHandler
                0x0ffe056c                Reserved177_IRQHandler
                0x0ffe056c                WDOG4_IRQHandler
                0x0ffe056c                Reserved283_IRQHandler
                0x0ffe056c                DMA4_28_29_DriverIRQHandler
                0x0ffe056c                Reserved228_IRQHandler
                0x0ffe056c                DMA4_ERROR_DriverIRQHandler
                0x0ffe056c                Reserved253_IRQHandler
                0x0ffe056c                DMA4_6_7_DriverIRQHandler
                0x0ffe056c                ENET_MAC0_Rx_Tx_Done2_DriverIRQHandler
                0x0ffe056c                Reserved274_IRQHandler
                0x0ffe056c                DMA4_56_57_DriverIRQHandler
                0x0ffe056c                TPM2_IRQHandler
                0x0ffe056c                FLEXIO1_DriverIRQHandler
                0x0ffe056c                Reserved232_IRQHandler
                0x0ffe056c                ENET_DriverIRQHandler
                0x0ffe056c                Reserved43_IRQHandler
                0x0ffe056c                DMA4_36_37_DriverIRQHandler
                0x0ffe056c                Reserved21_IRQHandler
                0x0ffe056c                DMA4_26_27_DriverIRQHandler
                0x0ffe056c                SAI1_DriverIRQHandler
                0x0ffe056c                Reserved278_IRQHandler
                0x0ffe056c                Reserved277_IRQHandler
                0x0ffe056c                ADC_WD_IRQHandler
                0x0ffe056c                DMA3_DriverIRQHandler
                0x0ffe056c                TPM3_IRQHandler
                0x0ffe056c                Reserved241_IRQHandler
                0x0ffe056c                Reserved27_IRQHandler
                0x0ffe056c                WDOG2_IRQHandler
                0x0ffe056c                Reserved62_IRQHandler
                0x0ffe056c                Reserved275_IRQHandler
                0x0ffe056c                Reserved256_IRQHandler
                0x0ffe056c                Reserved252_IRQHandler
                0x0ffe056c                Reserved206_IRQHandler
                0x0ffe056c                DMA4_18_19_DriverIRQHandler
                0x0ffe056c                Reserved181_IRQHandler
                0x0ffe056c                Reserved108_IRQHandler
                0x0ffe056c                Reserved72_IRQHandler
                0x0ffe056c                DMA4_12_13_DriverIRQHandler
                0x0ffe056c                Reserved259_IRQHandler
                0x0ffe056c                Reserved194_IRQHandler
                0x0ffe056c                SecureFault_Handler
                0x0ffe056c                DMA4_8_9_DriverIRQHandler
                0x0ffe056c                PDM_ERROR_DriverIRQHandler
                0x0ffe056c                Reserved66_IRQHandler
                0x0ffe056c                Reserved20_IRQHandler
                0x0ffe056c                Reserved249_IRQHandler
                0x0ffe056c                Reserved107_IRQHandler
                0x0ffe056c                LPSPI8_DriverIRQHandler
                0x0ffe056c                Reserved98_IRQHandler
                0x0ffe056c                Reserved17_IRQHandler
                0x0ffe056c                Reserved189_IRQHandler
                0x0ffe056c                Reserved47_IRQHandler
                0x0ffe056c                Reserved271_IRQHandler
                0x0ffe056c                Reserved258_IRQHandler
                0x0ffe056c                CAN2_DriverIRQHandler
                0x0ffe056c                DMA4_62_63_DriverIRQHandler
                0x0ffe056c                CAN2_ERROR_DriverIRQHandler
                0x0ffe056c                DMA4_44_45_DriverIRQHandler
                0x0ffe056c                ENET_MAC0_Rx_Tx_Done1_DriverIRQHandler
                0x0ffe056c                Reserved190_IRQHandler
                0x0ffe056c                Reserved231_IRQHandler
                0x0ffe056c                Reserved276_IRQHandler
                0x0ffe056c                Reserved282_IRQHandler
                0x0ffe056c                Reserved260_IRQHandler
                0x0ffe056c                Reserved105_IRQHandler
                0x0ffe056c                Reserved269_IRQHandler
                0x0ffe056c                Reserved104_IRQHandler
                0x0ffe056c                Reserved203_IRQHandler
                0x0ffe056c                Reserved101_IRQHandler
                0x0ffe056c                Reserved223_IRQHandler
                0x0ffe056c                Reserved204_IRQHandler
                0x0ffe056c                uSDHC3_DriverIRQHandler
                0x0ffe056c                Reserved41_IRQHandler
                0x0ffe056c                DMA4_60_61_DriverIRQHandler
                0x0ffe056c                MemManage_Handler
                0x0ffe056c                Reserved90_IRQHandler
                0x0ffe056c                SAI2_DriverIRQHandler
                0x0ffe056c                Reserved242_IRQHandler
                0x0ffe056c                Reserved205_IRQHandler
                0x0ffe056c                TPM6_IRQHandler
                0x0ffe056c                Reserved48_IRQHandler
                0x0ffe056c                PDM_EVENT_DriverIRQHandler
                0x0ffe056c                ENET_QOS_PMT_IRQHandler
                0x0ffe056c                Reserved185_IRQHandler
                0x0ffe056c                DMA4_54_55_DriverIRQHandler
                0x0ffe056c                Reserved222_IRQHandler
                0x0ffe056c                MU2_B_IRQHandler
                0x0ffe056c                SAI3_DriverIRQHandler
                0x0ffe056c                Reserved254_IRQHandler
                0x0ffe056c                Reserved109_IRQHandler
                0x0ffe056c                Reserved244_IRQHandler
                0x0ffe056c                DMA4_32_33_DriverIRQHandler
                0x0ffe056c                ISI_IRQHandler
                0x0ffe056c                DMA4_24_25_DriverIRQHandler
                0x0ffe056c                Reserved255_IRQHandler
                0x0ffe056c                DMA4_2_3_DriverIRQHandler
                0x0ffe056c                Reserved262_IRQHandler
                0x0ffe056c                DMA4_48_49_DriverIRQHandler
                0x0ffe056c                Reserved142_IRQHandler
                0x0ffe056c                Reserved184_IRQHandler
                0x0ffe056c                Reserved100_IRQHandler
                0x0ffe056c                LPSPI7_DriverIRQHandler
                0x0ffe056c                Reserved26_IRQHandler
                0x0ffe056c                Reserved245_IRQHandler
                0x0ffe056c                DSI_IRQHandler
                0x0ffe056c                Reserved251_IRQHandler
                0x0ffe056c                Reserved46_IRQHandler
                0x0ffe056c                Reserved202_IRQHandler
                0x0ffe056c                Reserved273_IRQHandler
                0x0ffe056c                Reserved246_IRQHandler
                0x0ffe056c                ENET_QOS_DriverIRQHandler
                0x0ffe056c                TPM4_IRQHandler
                0x0ffe056c                Reserved270_IRQHandler
                0x0ffe056c                Reserved23_IRQHandler
                0x0ffe056c                Reserved266_IRQHandler
                0x0ffe056c                Reserved240_IRQHandler
                0x0ffe056c                ADC_EOC_IRQHandler
                0x0ffe056c                Reserved45_IRQHandler
                0x0ffe056c                DMA4_4_5_DriverIRQHandler
                0x0ffe056c                DMA4_38_39_DriverIRQHandler
                0x0ffe056c                Reserved73_IRQHandler
                0x0ffe056c                DMA4_30_31_DriverIRQHandler
                0x0ffe056c                TEMPMON_IRQHandler
                0x0ffe056c                TPM1_IRQHandler
                0x0ffe056c                Reserved106_IRQHandler
                0x0ffe056c                uSDHC1_DriverIRQHandler
                0x0ffe056c                DMA4_22_23_DriverIRQHandler
                0x0ffe056c                uSDHC2_DriverIRQHandler
                0x0ffe056c                Reserved51_IRQHandler
                0x0ffe056c                Reserved192_IRQHandler
                0x0ffe056c                LPIT1_IRQHandler
                0x0ffe056c                CAN1_ERROR_DriverIRQHandler
                0x0ffe056c                ADC_ER_IRQHandler
                0x0ffe056c                Reserved44_IRQHandler
                0x0ffe056c                DMA4_42_43_DriverIRQHandler
                0x0ffe056c                WDOG5_IRQHandler
                0x0ffe056c                Reserved63_IRQHandler
                0x0ffe056c                I3C1_DriverIRQHandler
                0x0ffe056c                Reserved247_IRQHandler
                0x0ffe056c                MU1_A_IRQHandler
                0x0ffe056c                TPM5_IRQHandler
                0x0ffe056c                DMA4_16_17_DriverIRQHandler
                0x0ffe056c                BusFault_Handler
                0x0ffe056c                DMA4_46_47_DriverIRQHandler
                0x0ffe056c                PDM_HWVAD_ERROR_DriverIRQHandler
                0x0ffe056c                Reserved201_IRQHandler
                0x0ffe056c                PDM_HWVAD_EVENT_DriverIRQHandler
                0x0ffe056c                DMA4_40_41_DriverIRQHandler
                0x0ffe056c                WDOG3_IRQHandler
                0x0ffe056c                LPTMR1_IRQHandler
                0x0ffe056c                CAN1_DriverIRQHandler
                0x0ffe056c                Reserved49_IRQHandler
                0x0ffe056c                FlexSPI1_DriverIRQHandler
                0x0ffe056c                Reserved281_IRQHandler
                0x0ffe056c                Reserved219_IRQHandler
                0x0ffe056c                Reserved237_IRQHandler
                0x0ffe0570                NMI_Handler
                0x0ffe0574                HardFault_Handler
                0x0ffe0578                SVC_Handler
                0x0ffe057c                PendSV_Handler
                0x0ffe0584                CAN1_IRQHandler
                0x0ffe0588                CAN1_ERROR_IRQHandler
                0x0ffe058c                I3C1_IRQHandler
                0x0ffe0590                LPI2C1_IRQHandler
                0x0ffe0594                LPI2C2_IRQHandler
                0x0ffe0598                LPSPI1_IRQHandler
                0x0ffe059c                LPSPI2_IRQHandler
                0x0ffe05a0                LPUART1_IRQHandler
                0x0ffe05a4                LPUART2_IRQHandler
                0x0ffe05a8                SAI1_IRQHandler
                0x0ffe05ac                CAN2_IRQHandler
                0x0ffe05b0                CAN2_ERROR_IRQHandler
                0x0ffe05b4                FLEXIO1_IRQHandler
                0x0ffe05b8                FLEXIO2_IRQHandler
                0x0ffe05bc                FlexSPI1_IRQHandler
                0x0ffe05c0                I3C2_IRQHandler
                0x0ffe05c4                LPI2C3_IRQHandler
                0x0ffe05c8                LPI2C4_IRQHandler
                0x0ffe05cc                LPSPI3_IRQHandler
                0x0ffe05d0                LPSPI4_IRQHandler
                0x0ffe05d4                LPUART3_IRQHandler
                0x0ffe05d8                LPUART4_IRQHandler
                0x0ffe05dc                LPUART5_IRQHandler
                0x0ffe05e0                LPUART6_IRQHandler
                0x0ffe05e4                uSDHC1_IRQHandler
                0x0ffe05e8                uSDHC2_IRQHandler
                0x0ffe05ec                DMA3_ERROR_IRQHandler
                0x0ffe05f4                DMA3_0_IRQHandler
                0x0ffe0600                DMA3_1_IRQHandler
                0x0ffe060c                DMA3_2_IRQHandler
                0x0ffe0618                DMA3_3_IRQHandler
                0x0ffe0624                DMA3_4_IRQHandler
                0x0ffe0630                DMA3_5_IRQHandler
                0x0ffe063c                DMA3_6_IRQHandler
                0x0ffe0648                DMA3_7_IRQHandler
                0x0ffe0654                DMA3_8_IRQHandler
                0x0ffe0660                DMA3_9_IRQHandler
                0x0ffe066c                DMA3_10_IRQHandler
                0x0ffe0678                DMA3_11_IRQHandler
                0x0ffe0684                DMA3_12_IRQHandler
                0x0ffe0690                DMA3_13_IRQHandler
                0x0ffe069c                DMA3_14_IRQHandler
                0x0ffe06a8                DMA3_15_IRQHandler
                0x0ffe06b4                DMA3_16_IRQHandler
                0x0ffe06c0                DMA3_17_IRQHandler
                0x0ffe06cc                DMA3_18_IRQHandler
                0x0ffe06d8                DMA3_19_IRQHandler
                0x0ffe06e4                DMA3_20_IRQHandler
                0x0ffe06f0                DMA3_21_IRQHandler
                0x0ffe06fc                DMA3_22_IRQHandler
                0x0ffe0708                DMA3_23_IRQHandler
                0x0ffe0714                DMA3_24_IRQHandler
                0x0ffe0720                DMA3_25_IRQHandler
                0x0ffe072c                DMA3_26_IRQHandler
                0x0ffe0738                DMA3_27_IRQHandler
                0x0ffe0744                DMA3_28_IRQHandler
                0x0ffe0750                DMA3_29_IRQHandler
                0x0ffe075c                DMA3_30_IRQHandler
                0x0ffe0768                DMA4_ERROR_IRQHandler
                0x0ffe076c                DMA4_0_1_IRQHandler
                0x0ffe0770                DMA4_2_3_IRQHandler
                0x0ffe0774                DMA4_4_5_IRQHandler
                0x0ffe0778                DMA4_6_7_IRQHandler
                0x0ffe077c                DMA4_8_9_IRQHandler
                0x0ffe0780                DMA4_10_11_IRQHandler
                0x0ffe0784                DMA4_12_13_IRQHandler
                0x0ffe0788                DMA4_14_15_IRQHandler
                0x0ffe078c                DMA4_16_17_IRQHandler
                0x0ffe0790                DMA4_18_19_IRQHandler
                0x0ffe0794                DMA4_20_21_IRQHandler
                0x0ffe0798                DMA4_22_23_IRQHandler
                0x0ffe079c                DMA4_24_25_IRQHandler
                0x0ffe07a0                DMA4_26_27_IRQHandler
                0x0ffe07a4                DMA4_28_29_IRQHandler
                0x0ffe07a8                DMA4_30_31_IRQHandler
                0x0ffe07ac                DMA4_32_33_IRQHandler
                0x0ffe07b0                DMA4_34_35_IRQHandler
                0x0ffe07b4                DMA4_36_37_IRQHandler
                0x0ffe07b8                DMA4_38_39_IRQHandler
                0x0ffe07bc                DMA4_40_41_IRQHandler
                0x0ffe07c0                DMA4_42_43_IRQHandler
                0x0ffe07c4                DMA4_44_45_IRQHandler
                0x0ffe07c8                DMA4_46_47_IRQHandler
                0x0ffe07cc                DMA4_48_49_IRQHandler
                0x0ffe07d0                DMA4_50_51_IRQHandler
                0x0ffe07d4                DMA4_52_53_IRQHandler
                0x0ffe07d8                DMA4_54_55_IRQHandler
                0x0ffe07dc                DMA4_56_57_IRQHandler
                0x0ffe07e0                DMA4_58_59_IRQHandler
                0x0ffe07e4                DMA4_60_61_IRQHandler
                0x0ffe07e8                DMA4_62_63_IRQHandler
                0x0ffe07ec                SAI2_IRQHandler
                0x0ffe07f0                SAI3_IRQHandler
                0x0ffe07f4                ENET_MAC0_Rx_Tx_Done1_IRQHandler
                0x0ffe07f8                ENET_MAC0_Rx_Tx_Done2_IRQHandler
                0x0ffe07fc                ENET_IRQHandler
                0x0ffe0800                ENET_1588_IRQHandler
                0x0ffe0804                ENET_QOS_IRQHandler
                0x0ffe0808                LPSPI5_IRQHandler
                0x0ffe080c                LPSPI6_IRQHandler
                0x0ffe0810                LPSPI7_IRQHandler
                0x0ffe0814                LPSPI8_IRQHandler
                0x0ffe0818                LPI2C5_IRQHandler
                0x0ffe081c                LPI2C6_IRQHandler
                0x0ffe0820                LPI2C7_IRQHandler
                0x0ffe0824                LPI2C8_IRQHandler
                0x0ffe0828                PDM_HWVAD_ERROR_IRQHandler
                0x0ffe082c                PDM_HWVAD_EVENT_IRQHandler
                0x0ffe0830                PDM_ERROR_IRQHandler
                0x0ffe0834                PDM_EVENT_IRQHandler
                0x0ffe0838                uSDHC3_IRQHandler
                0x0ffe083c                LPUART7_IRQHandler
                0x0ffe0840                LPUART8_IRQHandler
 .text          0x0ffe09a0       0xa0 CMakeFiles/lpspi_polling_b2b_transfer_master_cm33.elf.dir/home/ubuntu/freertos/devices/MIMX9352/utilities/fsl_memcpy.S.obj
                0x0ffe09a0                memcpy
 .text          0x0ffe0a40       0x10 /home/ubuntu/toolchain/bin/../lib/gcc/arm-none-eabi/12.2.1/../../../../arm-none-eabi/lib/thumb/v8-m.main+fp/hard/libc_nano.a(libc_a-strlen.o)
                0x0ffe0a40                strlen
 .text          0x0ffe0a50       0x30 /home/ubuntu/toolchain/bin/../lib/gcc/arm-none-eabi/12.2.1/thumb/v8-m.main+fp/hard/libgcc.a(_aeabi_uldivmod.o)
                0x0ffe0a50                __aeabi_uldivmod
 .text          0x0ffe0a80        0x4 /home/ubuntu/toolchain/bin/../lib/gcc/arm-none-eabi/12.2.1/thumb/v8-m.main+fp/hard/libgcc.a(_dvmd_tls.o)
                0x0ffe0a80                __aeabi_ldiv0
                0x0ffe0a80                __aeabi_idiv0
 *(.text*)
 .text.deregister_tm_clones
                0x0ffe0a84       0x1c /home/ubuntu/toolchain/bin/../lib/gcc/arm-none-eabi/12.2.1/thumb/v8-m.main+fp/hard/crtbegin.o
 .text.register_tm_clones
                0x0ffe0aa0       0x28 /home/ubuntu/toolchain/bin/../lib/gcc/arm-none-eabi/12.2.1/thumb/v8-m.main+fp/hard/crtbegin.o
 .text.__do_global_dtors_aux
                0x0ffe0ac8       0x28 /home/ubuntu/toolchain/bin/../lib/gcc/arm-none-eabi/12.2.1/thumb/v8-m.main+fp/hard/crtbegin.o
 .text.frame_dummy
                0x0ffe0af0       0x24 /home/ubuntu/toolchain/bin/../lib/gcc/arm-none-eabi/12.2.1/thumb/v8-m.main+fp/hard/crtbegin.o
 .text.SysTick_Handler
                0x0ffe0b14       0x14 CMakeFiles/lpspi_polling_b2b_transfer_master_cm33.elf.dir/home/ubuntu/freertos/boards/mcimx93evk/driver_examples/lpspi/polling_b2b_transfer/master/lpspi_polling_b2b_transfer_master.c.obj
                0x0ffe0b14                SysTick_Handler
 .text.Delay_ms
                0x0ffe0b28       0x14 CMakeFiles/lpspi_polling_b2b_transfer_master_cm33.elf.dir/home/ubuntu/freertos/boards/mcimx93evk/driver_examples/lpspi/polling_b2b_transfer/master/lpspi_polling_b2b_transfer_master.c.obj
                0x0ffe0b28                Delay_ms
 .text.spi_write
                0x0ffe0b3c       0x88 CMakeFiles/lpspi_polling_b2b_transfer_master_cm33.elf.dir/home/ubuntu/freertos/boards/mcimx93evk/driver_examples/lpspi/polling_b2b_transfer/master/lpspi_polling_b2b_transfer_master.c.obj
                0x0ffe0b3c                spi_write
 .text.epd_writeCommand
                0x0ffe0bc4       0x24 CMakeFiles/lpspi_polling_b2b_transfer_master_cm33.elf.dir/home/ubuntu/freertos/boards/mcimx93evk/driver_examples/lpspi/polling_b2b_transfer/master/lpspi_polling_b2b_transfer_master.c.obj
                0x0ffe0bc4                epd_writeCommand
 .text.epd_writeData
                0x0ffe0be8       0x24 CMakeFiles/lpspi_polling_b2b_transfer_master_cm33.elf.dir/home/ubuntu/freertos/boards/mcimx93evk/driver_examples/lpspi/polling_b2b_transfer/master/lpspi_polling_b2b_transfer_master.c.obj
                0x0ffe0be8                epd_writeData
 .text.epd_HWreset
                0x0ffe0c0c       0x28 CMakeFiles/lpspi_polling_b2b_transfer_master_cm33.elf.dir/home/ubuntu/freertos/boards/mcimx93evk/driver_examples/lpspi/polling_b2b_transfer/master/lpspi_polling_b2b_transfer_master.c.obj
                0x0ffe0c0c                epd_HWreset
 .text.epd_waitUntilIdle
                0x0ffe0c34       0x18 CMakeFiles/lpspi_polling_b2b_transfer_master_cm33.elf.dir/home/ubuntu/freertos/boards/mcimx93evk/driver_examples/lpspi/polling_b2b_transfer/master/lpspi_polling_b2b_transfer_master.c.obj
                0x0ffe0c34                epd_waitUntilIdle
 .text.img_fetch_hex_32
                0x0ffe0c4c       0x3c CMakeFiles/lpspi_polling_b2b_transfer_master_cm33.elf.dir/home/ubuntu/freertos/boards/mcimx93evk/driver_examples/lpspi/polling_b2b_transfer/master/lpspi_polling_b2b_transfer_master.c.obj
                0x0ffe0c4c                img_fetch_hex_32
 .text.startup.main
                0x0ffe0c88      0x2bc CMakeFiles/lpspi_polling_b2b_transfer_master_cm33.elf.dir/home/ubuntu/freertos/boards/mcimx93evk/driver_examples/lpspi/polling_b2b_transfer/master/lpspi_polling_b2b_transfer_master.c.obj
                0x0ffe0c88                main
 .text.BOARD_InitDebugConsole
                0x0ffe0f44       0x4c CMakeFiles/lpspi_polling_b2b_transfer_master_cm33.elf.dir/home/ubuntu/freertos/boards/mcimx93evk/driver_examples/lpspi/polling_b2b_transfer/master/board.c.obj
                0x0ffe0f44                BOARD_InitDebugConsole
 .text.BOARD_LPI2C_Init
                0x0ffe0f90       0x26 CMakeFiles/lpspi_polling_b2b_transfer_master_cm33.elf.dir/home/ubuntu/freertos/boards/mcimx93evk/driver_examples/lpspi/polling_b2b_transfer/master/board.c.obj
                0x0ffe0f90                BOARD_LPI2C_Init
 .text.BOARD_LPI2C_Send
                0x0ffe0fb6       0x2a CMakeFiles/lpspi_polling_b2b_transfer_master_cm33.elf.dir/home/ubuntu/freertos/boards/mcimx93evk/driver_examples/lpspi/polling_b2b_transfer/master/board.c.obj
                0x0ffe0fb6                BOARD_LPI2C_Send
 .text.BOARD_ADP5585_I2C_Send
                0x0ffe0fe0       0x24 CMakeFiles/lpspi_polling_b2b_transfer_master_cm33.elf.dir/home/ubuntu/freertos/boards/mcimx93evk/driver_examples/lpspi/polling_b2b_transfer/master/board.c.obj
                0x0ffe0fe0                BOARD_ADP5585_I2C_Send
 .text.BOARD_LPI2C_Receive
                0x0ffe1004       0x2a CMakeFiles/lpspi_polling_b2b_transfer_master_cm33.elf.dir/home/ubuntu/freertos/boards/mcimx93evk/driver_examples/lpspi/polling_b2b_transfer/master/board.c.obj
                0x0ffe1004                BOARD_LPI2C_Receive
 *fill*         0x0ffe102e        0x2 
 .text.BOARD_ADP5585_I2C_Receive
                0x0ffe1030       0x24 CMakeFiles/lpspi_polling_b2b_transfer_master_cm33.elf.dir/home/ubuntu/freertos/boards/mcimx93evk/driver_examples/lpspi/polling_b2b_transfer/master/board.c.obj
                0x0ffe1030                BOARD_ADP5585_I2C_Receive
 .text.BOARD_ADP5585_I2C_Init
                0x0ffe1054       0x18 CMakeFiles/lpspi_polling_b2b_transfer_master_cm33.elf.dir/home/ubuntu/freertos/boards/mcimx93evk/driver_examples/lpspi/polling_b2b_transfer/master/board.c.obj
                0x0ffe1054                BOARD_ADP5585_I2C_Init
 .text.BOARD_InitADP5585
                0x0ffe106c       0x18 CMakeFiles/lpspi_polling_b2b_transfer_master_cm33.elf.dir/home/ubuntu/freertos/boards/mcimx93evk/driver_examples/lpspi/polling_b2b_transfer/master/board.c.obj
                0x0ffe106c                BOARD_InitADP5585
 .text.BOARD_BootClockRUN
                0x0ffe1084       0x94 CMakeFiles/lpspi_polling_b2b_transfer_master_cm33.elf.dir/home/ubuntu/freertos/boards/mcimx93evk/driver_examples/lpspi/polling_b2b_transfer/master/clock_config.c.obj
                0x0ffe1084                BOARD_BootClockRUN
 .text.BOARD_InitPins
                0x0ffe1118       0x68 CMakeFiles/lpspi_polling_b2b_transfer_master_cm33.elf.dir/home/ubuntu/freertos/boards/mcimx93evk/driver_examples/lpspi/polling_b2b_transfer/master/pin_mux.c.obj
                0x0ffe1118                BOARD_InitPins
 .text.BOARD_InitBootPins
                0x0ffe1180        0x4 CMakeFiles/lpspi_polling_b2b_transfer_master_cm33.elf.dir/home/ubuntu/freertos/boards/mcimx93evk/driver_examples/lpspi/polling_b2b_transfer/master/pin_mux.c.obj
                0x0ffe1180                BOARD_InitBootPins
 .text.BOARD_InitHardware
                0x0ffe1184       0xb8 CMakeFiles/lpspi_polling_b2b_transfer_master_cm33.elf.dir/home/ubuntu/freertos/boards/mcimx93evk/driver_examples/lpspi/polling_b2b_transfer/master/hardware_init.c.obj
                0x0ffe1184                BOARD_InitHardware
 .text.HAL_UartInit
                0x0ffe123c       0x9c CMakeFiles/lpspi_polling_b2b_transfer_master_cm33.elf.dir/home/ubuntu/freertos/components/uart/fsl_adapter_lpuart.c.obj
                0x0ffe123c                HAL_UartInit
 .text.HAL_UartReceiveBlocking
                0x0ffe12d8       0x20 CMakeFiles/lpspi_polling_b2b_transfer_master_cm33.elf.dir/home/ubuntu/freertos/components/uart/fsl_adapter_lpuart.c.obj
                0x0ffe12d8                HAL_UartReceiveBlocking
 .text.HAL_UartSendBlocking
                0x0ffe12f8       0x18 CMakeFiles/lpspi_polling_b2b_transfer_master_cm33.elf.dir/home/ubuntu/freertos/components/uart/fsl_adapter_lpuart.c.obj
                0x0ffe12f8                HAL_UartSendBlocking
 .text.SystemInitHook
                0x0ffe1310        0x2 CMakeFiles/lpspi_polling_b2b_transfer_master_cm33.elf.dir/home/ubuntu/freertos/devices/MIMX9352/system_MIMX9352_cm33.c.obj
                0x0ffe1310                SystemInitHook
 *fill*         0x0ffe1312        0x2 
 .text.SystemInit
                0x0ffe1314       0x1c CMakeFiles/lpspi_polling_b2b_transfer_master_cm33.elf.dir/home/ubuntu/freertos/devices/MIMX9352/system_MIMX9352_cm33.c.obj
                0x0ffe1314                SystemInit
 .text.ADP5585_ModifyPortRegBits
                0x0ffe1330       0x56 CMakeFiles/lpspi_polling_b2b_transfer_master_cm33.elf.dir/home/ubuntu/freertos/components/expander/adp5585/fsl_adp5585.c.obj
 .text.ADP5585_Init
                0x0ffe1386        0xe CMakeFiles/lpspi_polling_b2b_transfer_master_cm33.elf.dir/home/ubuntu/freertos/components/expander/adp5585/fsl_adp5585.c.obj
                0x0ffe1386                ADP5585_Init
 .text.ADP5585_SetDirection
                0x0ffe1394        0xe CMakeFiles/lpspi_polling_b2b_transfer_master_cm33.elf.dir/home/ubuntu/freertos/components/expander/adp5585/fsl_adp5585.c.obj
                0x0ffe1394                ADP5585_SetDirection
 .text.ADP5585_SetPins
                0x0ffe13a2        0xa CMakeFiles/lpspi_polling_b2b_transfer_master_cm33.elf.dir/home/ubuntu/freertos/components/expander/adp5585/fsl_adp5585.c.obj
                0x0ffe13a2                ADP5585_SetPins
 .text.CLOCK_GetIpFreq
                0x0ffe13ac       0x34 CMakeFiles/lpspi_polling_b2b_transfer_master_cm33.elf.dir/home/ubuntu/freertos/devices/MIMX9352/drivers/fsl_clock.c.obj
                0x0ffe13ac                CLOCK_GetIpFreq
 .text.SDK_DelayAtLeastUs
                0x0ffe13e0       0x20 CMakeFiles/lpspi_polling_b2b_transfer_master_cm33.elf.dir/home/ubuntu/freertos/devices/MIMX9352/drivers/fsl_common_arm.c.obj
                0x0ffe13e0                SDK_DelayAtLeastUs
 .text.CLOCK_ControlGate
                0x0ffe1400       0x26 CMakeFiles/lpspi_polling_b2b_transfer_master_cm33.elf.dir/home/ubuntu/freertos/devices/MIMX9352/drivers/fsl_lpi2c.c.obj
 *fill*         0x0ffe1426        0x2 
 .text.LPI2C_GetCyclesForWidth
                0x0ffe1428       0x48 CMakeFiles/lpspi_polling_b2b_transfer_master_cm33.elf.dir/home/ubuntu/freertos/devices/MIMX9352/drivers/fsl_lpi2c.c.obj
 .text.LPI2C_CommonIRQHandler
                0x0ffe1470       0x48 CMakeFiles/lpspi_polling_b2b_transfer_master_cm33.elf.dir/home/ubuntu/freertos/devices/MIMX9352/drivers/fsl_lpi2c.c.obj
 .text.LPI2C_GetInstance
                0x0ffe14b8       0x1c CMakeFiles/lpspi_polling_b2b_transfer_master_cm33.elf.dir/home/ubuntu/freertos/devices/MIMX9352/drivers/fsl_lpi2c.c.obj
                0x0ffe14b8                LPI2C_GetInstance
 .text.LPI2C_MasterCheckAndClearError
                0x0ffe14d4       0x46 CMakeFiles/lpspi_polling_b2b_transfer_master_cm33.elf.dir/home/ubuntu/freertos/devices/MIMX9352/drivers/fsl_lpi2c.c.obj
                0x0ffe14d4                LPI2C_MasterCheckAndClearError
 .text.LPI2C_MasterWaitForTxReady
                0x0ffe151a       0x1a CMakeFiles/lpspi_polling_b2b_transfer_master_cm33.elf.dir/home/ubuntu/freertos/devices/MIMX9352/drivers/fsl_lpi2c.c.obj
 .text.LPI2C_CheckForBusyBus
                0x0ffe1534       0x14 CMakeFiles/lpspi_polling_b2b_transfer_master_cm33.elf.dir/home/ubuntu/freertos/devices/MIMX9352/drivers/fsl_lpi2c.c.obj
                0x0ffe1534                LPI2C_CheckForBusyBus
 .text.LPI2C_MasterGetDefaultConfig
                0x0ffe1548       0x2c CMakeFiles/lpspi_polling_b2b_transfer_master_cm33.elf.dir/home/ubuntu/freertos/devices/MIMX9352/drivers/fsl_lpi2c.c.obj
                0x0ffe1548                LPI2C_MasterGetDefaultConfig
 .text.LPI2C_MasterSetBaudRate
                0x0ffe1574      0x150 CMakeFiles/lpspi_polling_b2b_transfer_master_cm33.elf.dir/home/ubuntu/freertos/devices/MIMX9352/drivers/fsl_lpi2c.c.obj
                0x0ffe1574                LPI2C_MasterSetBaudRate
 .text.LPI2C_MasterInit
                0x0ffe16c4      0x110 CMakeFiles/lpspi_polling_b2b_transfer_master_cm33.elf.dir/home/ubuntu/freertos/devices/MIMX9352/drivers/fsl_lpi2c.c.obj
                0x0ffe16c4                LPI2C_MasterInit
 .text.LPI2C_MasterStop
                0x0ffe17d4       0x30 CMakeFiles/lpspi_polling_b2b_transfer_master_cm33.elf.dir/home/ubuntu/freertos/devices/MIMX9352/drivers/fsl_lpi2c.c.obj
                0x0ffe17d4                LPI2C_MasterStop
 .text.LPI2C_MasterReceive
                0x0ffe1804       0x64 CMakeFiles/lpspi_polling_b2b_transfer_master_cm33.elf.dir/home/ubuntu/freertos/devices/MIMX9352/drivers/fsl_lpi2c.c.obj
                0x0ffe1804                LPI2C_MasterReceive
 .text.LPI2C_MasterSend
                0x0ffe1868       0x22 CMakeFiles/lpspi_polling_b2b_transfer_master_cm33.elf.dir/home/ubuntu/freertos/devices/MIMX9352/drivers/fsl_lpi2c.c.obj
                0x0ffe1868                LPI2C_MasterSend
 .text.LPI2C_MasterTransferBlocking
                0x0ffe188a      0x168 CMakeFiles/lpspi_polling_b2b_transfer_master_cm33.elf.dir/home/ubuntu/freertos/devices/MIMX9352/drivers/fsl_lpi2c.c.obj
                0x0ffe188a                LPI2C_MasterTransferBlocking
 *fill*         0x0ffe19f2        0x2 
 .text.LPI2C1_DriverIRQHandler
                0x0ffe19f4        0xc CMakeFiles/lpspi_polling_b2b_transfer_master_cm33.elf.dir/home/ubuntu/freertos/devices/MIMX9352/drivers/fsl_lpi2c.c.obj
                0x0ffe19f4                LPI2C1_DriverIRQHandler
 .text.LPI2C2_DriverIRQHandler
                0x0ffe1a00        0xc CMakeFiles/lpspi_polling_b2b_transfer_master_cm33.elf.dir/home/ubuntu/freertos/devices/MIMX9352/drivers/fsl_lpi2c.c.obj
                0x0ffe1a00                LPI2C2_DriverIRQHandler
 .text.LPI2C3_DriverIRQHandler
                0x0ffe1a0c        0xc CMakeFiles/lpspi_polling_b2b_transfer_master_cm33.elf.dir/home/ubuntu/freertos/devices/MIMX9352/drivers/fsl_lpi2c.c.obj
                0x0ffe1a0c                LPI2C3_DriverIRQHandler
 .text.LPI2C4_DriverIRQHandler
                0x0ffe1a18        0xc CMakeFiles/lpspi_polling_b2b_transfer_master_cm33.elf.dir/home/ubuntu/freertos/devices/MIMX9352/drivers/fsl_lpi2c.c.obj
                0x0ffe1a18                LPI2C4_DriverIRQHandler
 .text.LPI2C5_DriverIRQHandler
                0x0ffe1a24        0xc CMakeFiles/lpspi_polling_b2b_transfer_master_cm33.elf.dir/home/ubuntu/freertos/devices/MIMX9352/drivers/fsl_lpi2c.c.obj
                0x0ffe1a24                LPI2C5_DriverIRQHandler
 .text.LPI2C6_DriverIRQHandler
                0x0ffe1a30        0xc CMakeFiles/lpspi_polling_b2b_transfer_master_cm33.elf.dir/home/ubuntu/freertos/devices/MIMX9352/drivers/fsl_lpi2c.c.obj
                0x0ffe1a30                LPI2C6_DriverIRQHandler
 .text.LPI2C7_DriverIRQHandler
                0x0ffe1a3c        0xc CMakeFiles/lpspi_polling_b2b_transfer_master_cm33.elf.dir/home/ubuntu/freertos/devices/MIMX9352/drivers/fsl_lpi2c.c.obj
                0x0ffe1a3c                LPI2C7_DriverIRQHandler
 .text.LPI2C8_DriverIRQHandler
                0x0ffe1a48        0xc CMakeFiles/lpspi_polling_b2b_transfer_master_cm33.elf.dir/home/ubuntu/freertos/devices/MIMX9352/drivers/fsl_lpi2c.c.obj
                0x0ffe1a48                LPI2C8_DriverIRQHandler
 .text.CLOCK_ControlGate
                0x0ffe1a54       0x26 CMakeFiles/lpspi_polling_b2b_transfer_master_cm33.elf.dir/home/ubuntu/freertos/devices/MIMX9352/drivers/fsl_lpspi.c.obj
 .text.LPSPI_GetTcr
                0x0ffe1a7a       0x28 CMakeFiles/lpspi_polling_b2b_transfer_master_cm33.elf.dir/home/ubuntu/freertos/devices/MIMX9352/drivers/fsl_lpspi.c.obj
 .text.LPSPI_CombineWriteData
                0x0ffe1aa2       0x48 CMakeFiles/lpspi_polling_b2b_transfer_master_cm33.elf.dir/home/ubuntu/freertos/devices/MIMX9352/drivers/fsl_lpspi.c.obj
 .text.LPSPI_SeparateReadData
                0x0ffe1aea       0x66 CMakeFiles/lpspi_polling_b2b_transfer_master_cm33.elf.dir/home/ubuntu/freertos/devices/MIMX9352/drivers/fsl_lpspi.c.obj
 .text.LPSPI_CommonIRQHandler
                0x0ffe1b50       0x18 CMakeFiles/lpspi_polling_b2b_transfer_master_cm33.elf.dir/home/ubuntu/freertos/devices/MIMX9352/drivers/fsl_lpspi.c.obj
 .text.LPSPI_GetInstance
                0x0ffe1b68       0x20 CMakeFiles/lpspi_polling_b2b_transfer_master_cm33.elf.dir/home/ubuntu/freertos/devices/MIMX9352/drivers/fsl_lpspi.c.obj
                0x0ffe1b68                LPSPI_GetInstance
 .text.LPSPI_SetDummyData
                0x0ffe1b88       0x14 CMakeFiles/lpspi_polling_b2b_transfer_master_cm33.elf.dir/home/ubuntu/freertos/devices/MIMX9352/drivers/fsl_lpspi.c.obj
                0x0ffe1b88                LPSPI_SetDummyData
 .text.LPSPI_MasterGetDefaultConfig
                0x0ffe1b9c       0x30 CMakeFiles/lpspi_polling_b2b_transfer_master_cm33.elf.dir/home/ubuntu/freertos/devices/MIMX9352/drivers/fsl_lpspi.c.obj
                0x0ffe1b9c                LPSPI_MasterGetDefaultConfig
 .text.LPSPI_MasterSetBaudRate
                0x0ffe1bcc       0xa4 CMakeFiles/lpspi_polling_b2b_transfer_master_cm33.elf.dir/home/ubuntu/freertos/devices/MIMX9352/drivers/fsl_lpspi.c.obj
                0x0ffe1bcc                LPSPI_MasterSetBaudRate
 .text.LPSPI_MasterSetDelayScaler
                0x0ffe1c70       0x56 CMakeFiles/lpspi_polling_b2b_transfer_master_cm33.elf.dir/home/ubuntu/freertos/devices/MIMX9352/drivers/fsl_lpspi.c.obj
                0x0ffe1c70                LPSPI_MasterSetDelayScaler
 *fill*         0x0ffe1cc6        0x2 
 .text.LPSPI_MasterSetDelayTimes
                0x0ffe1cc8      0x12c CMakeFiles/lpspi_polling_b2b_transfer_master_cm33.elf.dir/home/ubuntu/freertos/devices/MIMX9352/drivers/fsl_lpspi.c.obj
                0x0ffe1cc8                LPSPI_MasterSetDelayTimes
 .text.LPSPI_MasterInit
                0x0ffe1df4      0x110 CMakeFiles/lpspi_polling_b2b_transfer_master_cm33.elf.dir/home/ubuntu/freertos/devices/MIMX9352/drivers/fsl_lpspi.c.obj
                0x0ffe1df4                LPSPI_MasterInit
 .text.LPSPI_CheckTransferArgument
                0x0ffe1f04       0x7c CMakeFiles/lpspi_polling_b2b_transfer_master_cm33.elf.dir/home/ubuntu/freertos/devices/MIMX9352/drivers/fsl_lpspi.c.obj
                0x0ffe1f04                LPSPI_CheckTransferArgument
 .text.LPSPI_WaitTxFifoEmpty
                0x0ffe1f80        0xa CMakeFiles/lpspi_polling_b2b_transfer_master_cm33.elf.dir/home/ubuntu/freertos/devices/MIMX9352/drivers/fsl_lpspi.c.obj
                0x0ffe1f80                LPSPI_WaitTxFifoEmpty
 *fill*         0x0ffe1f8a        0x2 
 .text.LPSPI_MasterTransferBlocking
                0x0ffe1f8c      0x2e8 CMakeFiles/lpspi_polling_b2b_transfer_master_cm33.elf.dir/home/ubuntu/freertos/devices/MIMX9352/drivers/fsl_lpspi.c.obj
                0x0ffe1f8c                LPSPI_MasterTransferBlocking
 .text.LPSPI1_DriverIRQHandler
                0x0ffe2274       0x14 CMakeFiles/lpspi_polling_b2b_transfer_master_cm33.elf.dir/home/ubuntu/freertos/devices/MIMX9352/drivers/fsl_lpspi.c.obj
                0x0ffe2274                LPSPI1_DriverIRQHandler
 .text.LPSPI2_DriverIRQHandler
                0x0ffe2288       0x14 CMakeFiles/lpspi_polling_b2b_transfer_master_cm33.elf.dir/home/ubuntu/freertos/devices/MIMX9352/drivers/fsl_lpspi.c.obj
                0x0ffe2288                LPSPI2_DriverIRQHandler
 .text.LPSPI3_DriverIRQHandler
                0x0ffe229c       0x14 CMakeFiles/lpspi_polling_b2b_transfer_master_cm33.elf.dir/home/ubuntu/freertos/devices/MIMX9352/drivers/fsl_lpspi.c.obj
                0x0ffe229c                LPSPI3_DriverIRQHandler
 .text.LPSPI4_DriverIRQHandler
                0x0ffe22b0       0x14 CMakeFiles/lpspi_polling_b2b_transfer_master_cm33.elf.dir/home/ubuntu/freertos/devices/MIMX9352/drivers/fsl_lpspi.c.obj
                0x0ffe22b0                LPSPI4_DriverIRQHandler
 .text.LPSPI5_DriverIRQHandler
                0x0ffe22c4       0x14 CMakeFiles/lpspi_polling_b2b_transfer_master_cm33.elf.dir/home/ubuntu/freertos/devices/MIMX9352/drivers/fsl_lpspi.c.obj
                0x0ffe22c4                LPSPI5_DriverIRQHandler
 .text.LPSPI6_DriverIRQHandler
                0x0ffe22d8       0x14 CMakeFiles/lpspi_polling_b2b_transfer_master_cm33.elf.dir/home/ubuntu/freertos/devices/MIMX9352/drivers/fsl_lpspi.c.obj
                0x0ffe22d8                LPSPI6_DriverIRQHandler
 .text.LPUART_GetInstance
                0x0ffe22ec       0x1c CMakeFiles/lpspi_polling_b2b_transfer_master_cm33.elf.dir/home/ubuntu/freertos/devices/MIMX9352/drivers/fsl_lpuart.c.obj
                0x0ffe22ec                LPUART_GetInstance
 .text.LPUART_Init
                0x0ffe2308      0x1b8 CMakeFiles/lpspi_polling_b2b_transfer_master_cm33.elf.dir/home/ubuntu/freertos/devices/MIMX9352/drivers/fsl_lpuart.c.obj
                0x0ffe2308                LPUART_Init
 .text.LPUART_GetDefaultConfig
                0x0ffe24c0       0x1e CMakeFiles/lpspi_polling_b2b_transfer_master_cm33.elf.dir/home/ubuntu/freertos/devices/MIMX9352/drivers/fsl_lpuart.c.obj
                0x0ffe24c0                LPUART_GetDefaultConfig
 *fill*         0x0ffe24de        0x2 
 .text.LPUART_GetStatusFlags
                0x0ffe24e0       0x18 CMakeFiles/lpspi_polling_b2b_transfer_master_cm33.elf.dir/home/ubuntu/freertos/devices/MIMX9352/drivers/fsl_lpuart.c.obj
                0x0ffe24e0                LPUART_GetStatusFlags
 .text.LPUART_ClearStatusFlags
                0x0ffe24f8       0x3c CMakeFiles/lpspi_polling_b2b_transfer_master_cm33.elf.dir/home/ubuntu/freertos/devices/MIMX9352/drivers/fsl_lpuart.c.obj
                0x0ffe24f8                LPUART_ClearStatusFlags
 .text.LPUART_WriteBlocking
                0x0ffe2534       0x1e CMakeFiles/lpspi_polling_b2b_transfer_master_cm33.elf.dir/home/ubuntu/freertos/devices/MIMX9352/drivers/fsl_lpuart.c.obj
                0x0ffe2534                LPUART_WriteBlocking
 .text.LPUART_ReadBlocking
                0x0ffe2552       0xca CMakeFiles/lpspi_polling_b2b_transfer_master_cm33.elf.dir/home/ubuntu/freertos/devices/MIMX9352/drivers/fsl_lpuart.c.obj
                0x0ffe2552                LPUART_ReadBlocking
 .text.LPUART1_DriverIRQHandler
                0x0ffe261c       0x18 CMakeFiles/lpspi_polling_b2b_transfer_master_cm33.elf.dir/home/ubuntu/freertos/devices/MIMX9352/drivers/fsl_lpuart.c.obj
                0x0ffe261c                LPUART1_DriverIRQHandler
 .text.LPUART2_DriverIRQHandler
                0x0ffe2634       0x18 CMakeFiles/lpspi_polling_b2b_transfer_master_cm33.elf.dir/home/ubuntu/freertos/devices/MIMX9352/drivers/fsl_lpuart.c.obj
                0x0ffe2634                LPUART2_DriverIRQHandler
 .text.LPUART3_DriverIRQHandler
                0x0ffe264c       0x18 CMakeFiles/lpspi_polling_b2b_transfer_master_cm33.elf.dir/home/ubuntu/freertos/devices/MIMX9352/drivers/fsl_lpuart.c.obj
                0x0ffe264c                LPUART3_DriverIRQHandler
 .text.LPUART4_DriverIRQHandler
                0x0ffe2664       0x18 CMakeFiles/lpspi_polling_b2b_transfer_master_cm33.elf.dir/home/ubuntu/freertos/devices/MIMX9352/drivers/fsl_lpuart.c.obj
                0x0ffe2664                LPUART4_DriverIRQHandler
 .text.LPUART5_DriverIRQHandler
                0x0ffe267c       0x18 CMakeFiles/lpspi_polling_b2b_transfer_master_cm33.elf.dir/home/ubuntu/freertos/devices/MIMX9352/drivers/fsl_lpuart.c.obj
                0x0ffe267c                LPUART5_DriverIRQHandler
 .text.LPUART6_DriverIRQHandler
                0x0ffe2694       0x18 CMakeFiles/lpspi_polling_b2b_transfer_master_cm33.elf.dir/home/ubuntu/freertos/devices/MIMX9352/drivers/fsl_lpuart.c.obj
                0x0ffe2694                LPUART6_DriverIRQHandler
 .text.LPUART7_DriverIRQHandler
                0x0ffe26ac       0x18 CMakeFiles/lpspi_polling_b2b_transfer_master_cm33.elf.dir/home/ubuntu/freertos/devices/MIMX9352/drivers/fsl_lpuart.c.obj
                0x0ffe26ac                LPUART7_DriverIRQHandler
 .text.LPUART8_DriverIRQHandler
                0x0ffe26c4       0x18 CMakeFiles/lpspi_polling_b2b_transfer_master_cm33.elf.dir/home/ubuntu/freertos/devices/MIMX9352/drivers/fsl_lpuart.c.obj
                0x0ffe26c4                LPUART8_DriverIRQHandler
 .text.RGPIO_PinInit
                0x0ffe26dc       0x24 CMakeFiles/lpspi_polling_b2b_transfer_master_cm33.elf.dir/home/ubuntu/freertos/devices/MIMX9352/drivers/fsl_rgpio.c.obj
                0x0ffe26dc                RGPIO_PinInit
 .text.DbgConsole_ConvertRadixNumToString.constprop.0
                0x0ffe2700       0x3e CMakeFiles/lpspi_polling_b2b_transfer_master_cm33.elf.dir/home/ubuntu/freertos/devices/MIMX9352/utilities/debug_console_lite/fsl_debug_console.c.obj
 *fill*         0x0ffe273e        0x2 
 .text.DbgConsole_Init
                0x0ffe2740       0x50 CMakeFiles/lpspi_polling_b2b_transfer_master_cm33.elf.dir/home/ubuntu/freertos/devices/MIMX9352/utilities/debug_console_lite/fsl_debug_console.c.obj
                0x0ffe2740                DbgConsole_Init
 .text.DbgConsole_Putchar
                0x0ffe2790       0x24 CMakeFiles/lpspi_polling_b2b_transfer_master_cm33.elf.dir/home/ubuntu/freertos/devices/MIMX9352/utilities/debug_console_lite/fsl_debug_console.c.obj
                0x0ffe2790                DbgConsole_Putchar
 .text.DbgConsole_Vprintf
                0x0ffe27b4      0x1f0 CMakeFiles/lpspi_polling_b2b_transfer_master_cm33.elf.dir/home/ubuntu/freertos/devices/MIMX9352/utilities/debug_console_lite/fsl_debug_console.c.obj
                0x0ffe27b4                DbgConsole_Vprintf
 .text.DbgConsole_Printf
                0x0ffe29a4       0x1a CMakeFiles/lpspi_polling_b2b_transfer_master_cm33.elf.dir/home/ubuntu/freertos/devices/MIMX9352/utilities/debug_console_lite/fsl_debug_console.c.obj
                0x0ffe29a4                DbgConsole_Printf
 *fill*         0x0ffe29be        0x2 
 .text.exit     0x0ffe29c0       0x24 /home/ubuntu/toolchain/bin/../lib/gcc/arm-none-eabi/12.2.1/../../../../arm-none-eabi/lib/thumb/v8-m.main+fp/hard/libc_nano.a(libc_a-exit.o)
                0x0ffe29c0                exit
 .text.memset   0x0ffe29e4       0x10 /home/ubuntu/toolchain/bin/../lib/gcc/arm-none-eabi/12.2.1/../../../../arm-none-eabi/lib/thumb/v8-m.main+fp/hard/libc_nano.a(libc_a-memset.o)
                0x0ffe29e4                memset
 .text.__libc_init_array
                0x0ffe29f4       0x48 /home/ubuntu/toolchain/bin/../lib/gcc/arm-none-eabi/12.2.1/../../../../arm-none-eabi/lib/thumb/v8-m.main+fp/hard/libc_nano.a(libc_a-init.o)
                0x0ffe29f4                __libc_init_array
 .text.__udivmoddi4
                0x0ffe2a3c      0x2e4 /home/ubuntu/toolchain/bin/../lib/gcc/arm-none-eabi/12.2.1/thumb/v8-m.main+fp/hard/libgcc.a(_udivmoddi4.o)
                0x0ffe2a3c                __udivmoddi4
 .text._exit    0x0ffe2d20        0x4 /home/ubuntu/toolchain/bin/../lib/gcc/arm-none-eabi/12.2.1/../../../../arm-none-eabi/lib/thumb/v8-m.main+fp/hard/libnosys.a(_exit.o)
                0x0ffe2d20                _exit
                0x0ffe2d24                        __quickcodeaccess_start__ = .
                0x0ffe2d40                        . = ALIGN (0x20)
 *fill*         0x0ffe2d24       0x1c 
 *(CodeQuickAccess)
                0x0ffe2d40                        . = ALIGN (0x20)
                0x0ffe2d40                        __quickcodeaccess_end__ = .
 *(.rodata)
 *(.rodata*)
 .rodata.main.str1.1
                0x0ffe2d40       0x8c CMakeFiles/lpspi_polling_b2b_transfer_master_cm33.elf.dir/home/ubuntu/freertos/boards/mcimx93evk/driver_examples/lpspi/polling_b2b_transfer/master/lpspi_polling_b2b_transfer_master.c.obj
 .rodata.config.0
                0x0ffe2dcc        0xc CMakeFiles/lpspi_polling_b2b_transfer_master_cm33.elf.dir/home/ubuntu/freertos/boards/mcimx93evk/driver_examples/lpspi/polling_b2b_transfer/master/board.c.obj
 .rodata.s_LpuartAdapterBase
                0x0ffe2dd8       0x24 CMakeFiles/lpspi_polling_b2b_transfer_master_cm33.elf.dir/home/ubuntu/freertos/components/uart/fsl_adapter_lpuart.c.obj
 .rodata.s_clockSourceName
                0x0ffe2dfc      0x17c CMakeFiles/lpspi_polling_b2b_transfer_master_cm33.elf.dir/home/ubuntu/freertos/devices/MIMX9352/drivers/fsl_clock.c.obj
                0x0ffe2dfc                s_clockSourceName
 .rodata.kLpi2cClocks
                0x0ffe2f78        0x9 CMakeFiles/lpspi_polling_b2b_transfer_master_cm33.elf.dir/home/ubuntu/freertos/devices/MIMX9352/drivers/fsl_lpi2c.c.obj
 *fill*         0x0ffe2f81        0x3 
 .rodata.kLpi2cBases
                0x0ffe2f84       0x24 CMakeFiles/lpspi_polling_b2b_transfer_master_cm33.elf.dir/home/ubuntu/freertos/devices/MIMX9352/drivers/fsl_lpi2c.c.obj
 .rodata.s_lpspiClocks
                0x0ffe2fa8        0x9 CMakeFiles/lpspi_polling_b2b_transfer_master_cm33.elf.dir/home/ubuntu/freertos/devices/MIMX9352/drivers/fsl_lpspi.c.obj
 *fill*         0x0ffe2fb1        0x3 
 .rodata.s_lpspiBases
                0x0ffe2fb4       0x24 CMakeFiles/lpspi_polling_b2b_transfer_master_cm33.elf.dir/home/ubuntu/freertos/devices/MIMX9352/drivers/fsl_lpspi.c.obj
 .rodata.s_baudratePrescaler
                0x0ffe2fd8        0x8 CMakeFiles/lpspi_polling_b2b_transfer_master_cm33.elf.dir/home/ubuntu/freertos/devices/MIMX9352/drivers/fsl_lpspi.c.obj
 .rodata.s_lpuartClock
                0x0ffe2fe0        0x9 CMakeFiles/lpspi_polling_b2b_transfer_master_cm33.elf.dir/home/ubuntu/freertos/devices/MIMX9352/drivers/fsl_lpuart.c.obj
 *fill*         0x0ffe2fe9        0x3 
 .rodata.s_lpuartBases
                0x0ffe2fec       0x24 CMakeFiles/lpspi_polling_b2b_transfer_master_cm33.elf.dir/home/ubuntu/freertos/devices/MIMX9352/drivers/fsl_lpuart.c.obj
 *(.glue_7)
 .glue_7        0x0ffe3010        0x0 linker stubs
 *(.glue_7t)
 .glue_7t       0x0ffe3010        0x0 linker stubs
 *(.eh_frame)
 .eh_frame      0x0ffe3010        0x0 /home/ubuntu/toolchain/bin/../lib/gcc/arm-none-eabi/12.2.1/thumb/v8-m.main+fp/hard/crtbegin.o
 *(.init)
 .init          0x0ffe3010        0x4 /home/ubuntu/toolchain/bin/../lib/gcc/arm-none-eabi/12.2.1/thumb/v8-m.main+fp/hard/crti.o
                0x0ffe3010                _init
 .init          0x0ffe3014        0x8 /home/ubuntu/toolchain/bin/../lib/gcc/arm-none-eabi/12.2.1/thumb/v8-m.main+fp/hard/crtn.o
 *(.fini)
 .fini          0x0ffe301c        0x4 /home/ubuntu/toolchain/bin/../lib/gcc/arm-none-eabi/12.2.1/thumb/v8-m.main+fp/hard/crti.o
                0x0ffe301c                _fini
 .fini          0x0ffe3020        0x8 /home/ubuntu/toolchain/bin/../lib/gcc/arm-none-eabi/12.2.1/thumb/v8-m.main+fp/hard/crtn.o
                0x0ffe3028                        . = ALIGN (0x4)

.vfp11_veneer   0x0ffe3028        0x0
 .vfp11_veneer  0x0ffe3028        0x0 linker stubs

.v4_bx          0x0ffe3028        0x0
 .v4_bx         0x0ffe3028        0x0 linker stubs

.iplt           0x0ffe3028        0x0
 .iplt          0x0ffe3028        0x0 /home/ubuntu/toolchain/bin/../lib/gcc/arm-none-eabi/12.2.1/thumb/v8-m.main+fp/hard/crtbegin.o

.ARM.extab
 *(.ARM.extab* .gnu.linkonce.armextab.*)

.ARM            0x0ffe3028        0x8
                0x0ffe3028                        __exidx_start = .
 *(.ARM.exidx*)
 .ARM.exidx     0x0ffe3028        0x8 /home/ubuntu/toolchain/bin/../lib/gcc/arm-none-eabi/12.2.1/../../../../arm-none-eabi/lib/thumb/v8-m.main+fp/hard/crt0.o
                                 0x10 (size before relaxing)
 .ARM.exidx     0x0ffe3030        0x0 /home/ubuntu/toolchain/bin/../lib/gcc/arm-none-eabi/12.2.1/../../../../arm-none-eabi/lib/thumb/v8-m.main+fp/hard/libc_nano.a(libc_a-strlen.o)
                                  0x8 (size before relaxing)
 .ARM.exidx.text.__udivmoddi4
                0x0ffe3030        0x0 /home/ubuntu/toolchain/bin/../lib/gcc/arm-none-eabi/12.2.1/thumb/v8-m.main+fp/hard/libgcc.a(_udivmoddi4.o)
                                  0x8 (size before relaxing)
                0x0ffe3030                        __exidx_end = .

.rel.dyn        0x0ffe3030        0x0
 .rel.iplt      0x0ffe3030        0x0 /home/ubuntu/toolchain/bin/../lib/gcc/arm-none-eabi/12.2.1/thumb/v8-m.main+fp/hard/crtbegin.o

.ctors          0x0ffe3030        0x0
                0x0ffe3030                        __CTOR_LIST__ = .
 *crtbegin.o(.ctors)
 *crtbegin?.o(.ctors)
 *(EXCLUDE_FILE(*crtend.o *crtend?.o) .ctors)
 *(SORT_BY_NAME(.ctors.*))
 *(.ctors)
                0x0ffe3030                        __CTOR_END__ = .

.dtors          0x0ffe3030        0x0
                0x0ffe3030                        __DTOR_LIST__ = .
 *crtbegin.o(.dtors)
 *crtbegin?.o(.dtors)
 *(EXCLUDE_FILE(*crtend.o *crtend?.o) .dtors)
 *(SORT_BY_NAME(.dtors.*))
 *(.dtors)
                0x0ffe3030                        __DTOR_END__ = .

.preinit_array  0x0ffe3030        0x0
                0x0ffe3030                        PROVIDE (__preinit_array_start = .)
 *(.preinit_array*)
                0x0ffe3030                        PROVIDE (__preinit_array_end = .)

.init_array     0x0ffe3030        0x4
                0x0ffe3030                        PROVIDE (__init_array_start = .)
 *(SORT_BY_NAME(.init_array.*))
 *(.init_array*)
 .init_array    0x0ffe3030        0x4 /home/ubuntu/toolchain/bin/../lib/gcc/arm-none-eabi/12.2.1/thumb/v8-m.main+fp/hard/crtbegin.o
                0x0ffe3034                        PROVIDE (__init_array_end = .)

.fini_array     0x0ffe3034        0x4
                [!provide]                        PROVIDE (__fini_array_start = .)
 *(SORT_BY_NAME(.fini_array.*))
 *(.fini_array*)
 .fini_array    0x0ffe3034        0x4 /home/ubuntu/toolchain/bin/../lib/gcc/arm-none-eabi/12.2.1/thumb/v8-m.main+fp/hard/crtbegin.o
                [!provide]                        PROVIDE (__fini_array_end = .)
                0x0ffe3038                        __etext = .
                0x0ffe3038                        __DATA_ROM = .

.interrupts_ram
                0x20003000        0x0
                0x20003000                        . = ALIGN (0x4)
                0x20003000                        __VECTOR_RAM__ = .
                0x20003000                        __interrupts_ram_start__ = .
 *(.m_interrupts_ram)
                0x20003000                        . = (. + M_VECTOR_RAM_SIZE)
                0x20003000                        . = ALIGN (0x4)
                0x20003000                        __interrupts_ram_end__ = .
                0x0ffe0000                        __VECTOR_RAM = DEFINED (__ram_vector_table__)?__VECTOR_RAM__:ORIGIN (m_interrupts)
                0x00000000                        __RAM_VECTOR_TABLE_SIZE_BYTES = DEFINED (__ram_vector_table__)?(__interrupts_ram_end__ - __interrupts_ram_start__):0x0

.data           0x20003000     0x1ecc load address 0x0ffe3038
                0x20003000                        . = ALIGN (0x4)
                0x20003000                        __DATA_RAM = .
                0x20003000                        __data_start__ = .
                0x20003000                        __quickdataaccess_start__ = .
                0x20003000                        . = ALIGN (0x20)
 *(DataQuickAccess)
                0x20003000                        . = ALIGN (0x20)
                0x20003000                        __quickdataaccess_end__ = .
 *(.data)
 *(.data*)
 .data.img_hex  0x20003000     0x1e80 CMakeFiles/lpspi_polling_b2b_transfer_master_cm33.elf.dir/home/ubuntu/freertos/boards/mcimx93evk/driver_examples/lpspi/polling_b2b_transfer/master/lpspi_polling_b2b_transfer_master.c.obj
 .data.g_systickCounter
                0x20004e80        0x4 CMakeFiles/lpspi_polling_b2b_transfer_master_cm33.elf.dir/home/ubuntu/freertos/boards/mcimx93evk/driver_examples/lpspi/polling_b2b_transfer/master/lpspi_polling_b2b_transfer_master.c.obj
                0x20004e80                g_systickCounter
 .data.SystemCoreClock
                0x20004e84        0x4 CMakeFiles/lpspi_polling_b2b_transfer_master_cm33.elf.dir/home/ubuntu/freertos/devices/MIMX9352/system_MIMX9352_cm33.c.obj
                0x20004e84                SystemCoreClock
 .data.g_clockSourceFreq
                0x20004e88       0x44 CMakeFiles/lpspi_polling_b2b_transfer_master_cm33.elf.dir/home/ubuntu/freertos/devices/MIMX9352/drivers/fsl_clock.c.obj
                0x20004e88                g_clockSourceFreq
 *(.jcr*)
                0x20004ecc                        . = ALIGN (0x4)
                0x20004ecc                        __data_end__ = .
                0x0ffe4f04                        __DATA_END = (__DATA_ROM + (__data_end__ - __data_start__))
                0x10000000                        text_end = (ORIGIN (m_text) + LENGTH (m_text))
                0x00000001                        ASSERT ((__DATA_END <= text_end), region m_text overflowed with text and data)

.tm_clone_table
                0x20004ecc        0x0 load address 0x0ffe4f04
 .tm_clone_table
                0x20004ecc        0x0 /home/ubuntu/toolchain/bin/../lib/gcc/arm-none-eabi/12.2.1/thumb/v8-m.main+fp/hard/crtbegin.o
 .tm_clone_table
                0x20004ecc        0x0 /home/ubuntu/toolchain/bin/../lib/gcc/arm-none-eabi/12.2.1/thumb/v8-m.main+fp/hard/crtend.o

.igot.plt       0x20004ecc        0x0 load address 0x0ffe4f04
 .igot.plt      0x20004ecc        0x0 /home/ubuntu/toolchain/bin/../lib/gcc/arm-none-eabi/12.2.1/thumb/v8-m.main+fp/hard/crtbegin.o

.bss            0x20004ecc     0x2044 load address 0x0ffe4f04
                0x20004ecc                        . = ALIGN (0x4)
                0x20004ecc                        __START_BSS = .
                0x20004ecc                        __bss_start__ = .
 *(.bss)
 *(.bss*)
 .bss.completed.1
                0x20004ecc        0x1 /home/ubuntu/toolchain/bin/../lib/gcc/arm-none-eabi/12.2.1/thumb/v8-m.main+fp/hard/crtbegin.o
 *fill*         0x20004ecd        0x3 
 .bss.object.0  0x20004ed0       0x18 /home/ubuntu/toolchain/bin/../lib/gcc/arm-none-eabi/12.2.1/thumb/v8-m.main+fp/hard/crtbegin.o
 .bss.imageRawData
                0x20004ee8     0x1f40 CMakeFiles/lpspi_polling_b2b_transfer_master_cm33.elf.dir/home/ubuntu/freertos/boards/mcimx93evk/driver_examples/lpspi/polling_b2b_transfer/master/lpspi_polling_b2b_transfer_master.c.obj
                0x20004ee8                imageRawData
 .bss.s_lpi2cSlaveHandle
                0x20006e28       0x24 CMakeFiles/lpspi_polling_b2b_transfer_master_cm33.elf.dir/home/ubuntu/freertos/devices/MIMX9352/drivers/fsl_lpi2c.c.obj
 .bss.s_lpi2cSlaveIsr
                0x20006e4c        0x4 CMakeFiles/lpspi_polling_b2b_transfer_master_cm33.elf.dir/home/ubuntu/freertos/devices/MIMX9352/drivers/fsl_lpi2c.c.obj
 .bss.s_lpi2cMasterHandle
                0x20006e50       0x24 CMakeFiles/lpspi_polling_b2b_transfer_master_cm33.elf.dir/home/ubuntu/freertos/devices/MIMX9352/drivers/fsl_lpi2c.c.obj
                0x20006e50                s_lpi2cMasterHandle
 .bss.s_lpi2cMasterIsr
                0x20006e74        0x4 CMakeFiles/lpspi_polling_b2b_transfer_master_cm33.elf.dir/home/ubuntu/freertos/devices/MIMX9352/drivers/fsl_lpi2c.c.obj
                0x20006e74                s_lpi2cMasterIsr
 .bss.g_lpspiDummyData
                0x20006e78        0x9 CMakeFiles/lpspi_polling_b2b_transfer_master_cm33.elf.dir/home/ubuntu/freertos/devices/MIMX9352/drivers/fsl_lpspi.c.obj
                0x20006e78                g_lpspiDummyData
 *fill*         0x20006e81        0x3 
 .bss.s_lpspiSlaveIsr
                0x20006e84        0x4 CMakeFiles/lpspi_polling_b2b_transfer_master_cm33.elf.dir/home/ubuntu/freertos/devices/MIMX9352/drivers/fsl_lpspi.c.obj
 .bss.s_lpspiMasterIsr
                0x20006e88        0x4 CMakeFiles/lpspi_polling_b2b_transfer_master_cm33.elf.dir/home/ubuntu/freertos/devices/MIMX9352/drivers/fsl_lpspi.c.obj
 .bss.s_lpspiHandle
                0x20006e8c       0x24 CMakeFiles/lpspi_polling_b2b_transfer_master_cm33.elf.dir/home/ubuntu/freertos/devices/MIMX9352/drivers/fsl_lpspi.c.obj
 .bss.s_lpuartIsr
                0x20006eb0       0x24 CMakeFiles/lpspi_polling_b2b_transfer_master_cm33.elf.dir/home/ubuntu/freertos/devices/MIMX9352/drivers/fsl_lpuart.c.obj
                0x20006eb0                s_lpuartIsr
 .bss.s_lpuartHandle
                0x20006ed4       0x24 CMakeFiles/lpspi_polling_b2b_transfer_master_cm33.elf.dir/home/ubuntu/freertos/devices/MIMX9352/drivers/fsl_lpuart.c.obj
                0x20006ed4                s_lpuartHandle
 .bss.s_debugConsole
                0x20006ef8       0x14 CMakeFiles/lpspi_polling_b2b_transfer_master_cm33.elf.dir/home/ubuntu/freertos/devices/MIMX9352/utilities/debug_console_lite/fsl_debug_console.c.obj
 .bss.__stdio_exit_handler
                0x20006f0c        0x4 /home/ubuntu/toolchain/bin/../lib/gcc/arm-none-eabi/12.2.1/../../../../arm-none-eabi/lib/thumb/v8-m.main+fp/hard/libc_nano.a(libc_a-findfp.o)
                0x20006f0c                __stdio_exit_handler
 *(COMMON)
                0x20006f10                        . = ALIGN (0x4)
                0x20006f10                        __bss_end__ = .
                0x20006f10                        __END_BSS = .

.m33_suspend    0x20000000        0x0
 *(M33SuspendRam)
                0x20000000                        . = ALIGN (0x4)

.heap           0x20006f10      0x400 load address 0x0ffe6f48
                0x20006f10                        . = ALIGN (0x8)
                0x20006f10                        __end__ = .
                0x20006f10                        PROVIDE (end = .)
                0x20006f10                        __HeapBase = .
                0x20007310                        . = (. + HEAP_SIZE)
 *fill*         0x20006f10      0x400 
                0x20007310                        __HeapLimit = .
                0x20007310                        __heap_limit = .

.stack          0x20007310      0x400 load address 0x0ffe7348
                0x20007310                        . = ALIGN (0x8)
                0x20007710                        . = (. + STACK_SIZE)
 *fill*         0x20007310      0x400 
                0x2001e000                        __StackTop = (ORIGIN (m_data) + LENGTH (m_data))
                0x2001dc00                        __StackLimit = (__StackTop - STACK_SIZE)
                0x2001e000                        PROVIDE (__stack = __StackTop)
                0x2001e000                        __RscTblStart = ORIGIN (m_rsc_tbl)
                0x2001f000                        __RscTblEnd = (ORIGIN (m_rsc_tbl) + LENGTH (m_rsc_tbl))

.ARM.attributes
                0x00000000       0x36
 *(.ARM.attributes)
 .ARM.attributes
                0x00000000       0x26 /home/ubuntu/toolchain/bin/../lib/gcc/arm-none-eabi/12.2.1/thumb/v8-m.main+fp/hard/crti.o
 .ARM.attributes
                0x00000026       0x38 /home/ubuntu/toolchain/bin/../lib/gcc/arm-none-eabi/12.2.1/thumb/v8-m.main+fp/hard/crtbegin.o
 .ARM.attributes
                0x0000005e       0x24 /home/ubuntu/toolchain/bin/../lib/gcc/arm-none-eabi/12.2.1/../../../../arm-none-eabi/lib/thumb/v8-m.main+fp/hard/crt0.o
 .ARM.attributes
                0x00000082       0x3a CMakeFiles/lpspi_polling_b2b_transfer_master_cm33.elf.dir/home/ubuntu/freertos/boards/mcimx93evk/driver_examples/lpspi/polling_b2b_transfer/master/lpspi_polling_b2b_transfer_master.c.obj
 .ARM.attributes
                0x000000bc       0x3a CMakeFiles/lpspi_polling_b2b_transfer_master_cm33.elf.dir/home/ubuntu/freertos/boards/mcimx93evk/driver_examples/lpspi/polling_b2b_transfer/master/board.c.obj
 .ARM.attributes
                0x000000f6       0x3a CMakeFiles/lpspi_polling_b2b_transfer_master_cm33.elf.dir/home/ubuntu/freertos/boards/mcimx93evk/driver_examples/lpspi/polling_b2b_transfer/master/clock_config.c.obj
 .ARM.attributes
                0x00000130       0x3a CMakeFiles/lpspi_polling_b2b_transfer_master_cm33.elf.dir/home/ubuntu/freertos/boards/mcimx93evk/driver_examples/lpspi/polling_b2b_transfer/master/pin_mux.c.obj
 .ARM.attributes
                0x0000016a       0x3a CMakeFiles/lpspi_polling_b2b_transfer_master_cm33.elf.dir/home/ubuntu/freertos/boards/mcimx93evk/driver_examples/lpspi/polling_b2b_transfer/master/hardware_init.c.obj
 .ARM.attributes
                0x000001a4       0x3a CMakeFiles/lpspi_polling_b2b_transfer_master_cm33.elf.dir/home/ubuntu/freertos/components/uart/fsl_adapter_lpuart.c.obj
 .ARM.attributes
                0x000001de       0x24 CMakeFiles/lpspi_polling_b2b_transfer_master_cm33.elf.dir/home/ubuntu/freertos/devices/MIMX9352/gcc/startup_MIMX9352_cm33.S.obj
 .ARM.attributes
                0x00000202       0x3a CMakeFiles/lpspi_polling_b2b_transfer_master_cm33.elf.dir/home/ubuntu/freertos/devices/MIMX9352/system_MIMX9352_cm33.c.obj
 .ARM.attributes
                0x0000023c       0x3a CMakeFiles/lpspi_polling_b2b_transfer_master_cm33.elf.dir/home/ubuntu/freertos/components/expander/adp5585/fsl_adp5585.c.obj
 .ARM.attributes
                0x00000276       0x3a CMakeFiles/lpspi_polling_b2b_transfer_master_cm33.elf.dir/home/ubuntu/freertos/devices/MIMX9352/drivers/fsl_clock.c.obj
 .ARM.attributes
                0x000002b0       0x3a CMakeFiles/lpspi_polling_b2b_transfer_master_cm33.elf.dir/home/ubuntu/freertos/devices/MIMX9352/drivers/fsl_common_arm.c.obj
 .ARM.attributes
                0x000002ea       0x3a CMakeFiles/lpspi_polling_b2b_transfer_master_cm33.elf.dir/home/ubuntu/freertos/devices/MIMX9352/drivers/fsl_lpi2c.c.obj
 .ARM.attributes
                0x00000324       0x3a CMakeFiles/lpspi_polling_b2b_transfer_master_cm33.elf.dir/home/ubuntu/freertos/devices/MIMX9352/drivers/fsl_lpspi.c.obj
 .ARM.attributes
                0x0000035e       0x3a CMakeFiles/lpspi_polling_b2b_transfer_master_cm33.elf.dir/home/ubuntu/freertos/devices/MIMX9352/drivers/fsl_lpuart.c.obj
 .ARM.attributes
                0x00000398       0x3a CMakeFiles/lpspi_polling_b2b_transfer_master_cm33.elf.dir/home/ubuntu/freertos/devices/MIMX9352/drivers/fsl_rgpio.c.obj
 .ARM.attributes
                0x000003d2       0x26 CMakeFiles/lpspi_polling_b2b_transfer_master_cm33.elf.dir/home/ubuntu/freertos/devices/MIMX9352/utilities/fsl_memcpy.S.obj
 .ARM.attributes
                0x000003f8       0x3a CMakeFiles/lpspi_polling_b2b_transfer_master_cm33.elf.dir/home/ubuntu/freertos/devices/MIMX9352/utilities/debug_console_lite/fsl_debug_console.c.obj
 .ARM.attributes
                0x00000432       0x38 /home/ubuntu/toolchain/bin/../lib/gcc/arm-none-eabi/12.2.1/../../../../arm-none-eabi/lib/thumb/v8-m.main+fp/hard/libc_nano.a(libc_a-exit.o)
 .ARM.attributes
                0x0000046a       0x38 /home/ubuntu/toolchain/bin/../lib/gcc/arm-none-eabi/12.2.1/../../../../arm-none-eabi/lib/thumb/v8-m.main+fp/hard/libc_nano.a(libc_a-findfp.o)
 .ARM.attributes
                0x000004a2       0x38 /home/ubuntu/toolchain/bin/../lib/gcc/arm-none-eabi/12.2.1/../../../../arm-none-eabi/lib/thumb/v8-m.main+fp/hard/libc_nano.a(libc_a-memset.o)
 .ARM.attributes
                0x000004da       0x38 /home/ubuntu/toolchain/bin/../lib/gcc/arm-none-eabi/12.2.1/../../../../arm-none-eabi/lib/thumb/v8-m.main+fp/hard/libc_nano.a(libc_a-init.o)
 .ARM.attributes
                0x00000512       0x24 /home/ubuntu/toolchain/bin/../lib/gcc/arm-none-eabi/12.2.1/../../../../arm-none-eabi/lib/thumb/v8-m.main+fp/hard/libc_nano.a(libc_a-strlen.o)
 .ARM.attributes
                0x00000536       0x26 /home/ubuntu/toolchain/bin/../lib/gcc/arm-none-eabi/12.2.1/thumb/v8-m.main+fp/hard/libgcc.a(_aeabi_uldivmod.o)
 .ARM.attributes
                0x0000055c       0x38 /home/ubuntu/toolchain/bin/../lib/gcc/arm-none-eabi/12.2.1/thumb/v8-m.main+fp/hard/libgcc.a(_udivmoddi4.o)
 .ARM.attributes
                0x00000594       0x26 /home/ubuntu/toolchain/bin/../lib/gcc/arm-none-eabi/12.2.1/thumb/v8-m.main+fp/hard/libgcc.a(_dvmd_tls.o)
 .ARM.attributes
                0x000005ba       0x38 /home/ubuntu/toolchain/bin/../lib/gcc/arm-none-eabi/12.2.1/../../../../arm-none-eabi/lib/thumb/v8-m.main+fp/hard/libnosys.a(_exit.o)
 .ARM.attributes
                0x000005f2       0x38 /home/ubuntu/toolchain/bin/../lib/gcc/arm-none-eabi/12.2.1/thumb/v8-m.main+fp/hard/crtend.o
 .ARM.attributes
                0x0000062a       0x26 /home/ubuntu/toolchain/bin/../lib/gcc/arm-none-eabi/12.2.1/thumb/v8-m.main+fp/hard/crtn.o
                0x00000001                        ASSERT ((__StackLimit >= __HeapLimit), region m_data overflowed with stack and heap)
OUTPUT(release/lpspi_polling_b2b_transfer_master_cm33.elf elf32-littlearm)
LOAD linker stubs

.debug_line_str
                0x00000000      0x2c9
 .debug_line_str
                0x00000000       0xe7 /home/ubuntu/toolchain/bin/../lib/gcc/arm-none-eabi/12.2.1/../../../../arm-none-eabi/lib/thumb/v8-m.main+fp/hard/crt0.o
 .debug_line_str
                0x000000e7       0xfc /home/ubuntu/toolchain/bin/../lib/gcc/arm-none-eabi/12.2.1/../../../../arm-none-eabi/lib/thumb/v8-m.main+fp/hard/libc_nano.a(libc_a-strlen.o)
 .debug_line_str
                0x000001e3       0xda /home/ubuntu/toolchain/bin/../lib/gcc/arm-none-eabi/12.2.1/thumb/v8-m.main+fp/hard/libgcc.a(_aeabi_uldivmod.o)
 .debug_line_str
                0x000002bd        0xc /home/ubuntu/toolchain/bin/../lib/gcc/arm-none-eabi/12.2.1/thumb/v8-m.main+fp/hard/libgcc.a(_dvmd_tls.o)
                                 0xde (size before relaxing)

.comment        0x00000000       0x55
 .comment       0x00000000       0x55 CMakeFiles/lpspi_polling_b2b_transfer_master_cm33.elf.dir/home/ubuntu/freertos/boards/mcimx93evk/driver_examples/lpspi/polling_b2b_transfer/master/lpspi_polling_b2b_transfer_master.c.obj
                                 0x56 (size before relaxing)
 .comment       0x00000055       0x56 CMakeFiles/lpspi_polling_b2b_transfer_master_cm33.elf.dir/home/ubuntu/freertos/boards/mcimx93evk/driver_examples/lpspi/polling_b2b_transfer/master/board.c.obj
 .comment       0x00000055       0x56 CMakeFiles/lpspi_polling_b2b_transfer_master_cm33.elf.dir/home/ubuntu/freertos/boards/mcimx93evk/driver_examples/lpspi/polling_b2b_transfer/master/clock_config.c.obj
 .comment       0x00000055       0x56 CMakeFiles/lpspi_polling_b2b_transfer_master_cm33.elf.dir/home/ubuntu/freertos/boards/mcimx93evk/driver_examples/lpspi/polling_b2b_transfer/master/pin_mux.c.obj
 .comment       0x00000055       0x56 CMakeFiles/lpspi_polling_b2b_transfer_master_cm33.elf.dir/home/ubuntu/freertos/boards/mcimx93evk/driver_examples/lpspi/polling_b2b_transfer/master/hardware_init.c.obj
 .comment       0x00000055       0x56 CMakeFiles/lpspi_polling_b2b_transfer_master_cm33.elf.dir/home/ubuntu/freertos/components/uart/fsl_adapter_lpuart.c.obj
 .comment       0x00000055       0x56 CMakeFiles/lpspi_polling_b2b_transfer_master_cm33.elf.dir/home/ubuntu/freertos/devices/MIMX9352/system_MIMX9352_cm33.c.obj
 .comment       0x00000055       0x56 CMakeFiles/lpspi_polling_b2b_transfer_master_cm33.elf.dir/home/ubuntu/freertos/components/expander/adp5585/fsl_adp5585.c.obj
 .comment       0x00000055       0x56 CMakeFiles/lpspi_polling_b2b_transfer_master_cm33.elf.dir/home/ubuntu/freertos/devices/MIMX9352/drivers/fsl_clock.c.obj
 .comment       0x00000055       0x56 CMakeFiles/lpspi_polling_b2b_transfer_master_cm33.elf.dir/home/ubuntu/freertos/devices/MIMX9352/drivers/fsl_common_arm.c.obj
 .comment       0x00000055       0x56 CMakeFiles/lpspi_polling_b2b_transfer_master_cm33.elf.dir/home/ubuntu/freertos/devices/MIMX9352/drivers/fsl_lpi2c.c.obj
 .comment       0x00000055       0x56 CMakeFiles/lpspi_polling_b2b_transfer_master_cm33.elf.dir/home/ubuntu/freertos/devices/MIMX9352/drivers/fsl_lpspi.c.obj
 .comment       0x00000055       0x56 CMakeFiles/lpspi_polling_b2b_transfer_master_cm33.elf.dir/home/ubuntu/freertos/devices/MIMX9352/drivers/fsl_lpuart.c.obj
 .comment       0x00000055       0x56 CMakeFiles/lpspi_polling_b2b_transfer_master_cm33.elf.dir/home/ubuntu/freertos/devices/MIMX9352/drivers/fsl_rgpio.c.obj
 .comment       0x00000055       0x56 CMakeFiles/lpspi_polling_b2b_transfer_master_cm33.elf.dir/home/ubuntu/freertos/devices/MIMX9352/utilities/debug_console_lite/fsl_debug_console.c.obj

.debug_frame    0x00000000      0x23c
 .debug_frame   0x00000000       0x28 /home/ubuntu/toolchain/bin/../lib/gcc/arm-none-eabi/12.2.1/../../../../arm-none-eabi/lib/thumb/v8-m.main+fp/hard/libc_nano.a(libc_a-exit.o)
 .debug_frame   0x00000028      0x144 /home/ubuntu/toolchain/bin/../lib/gcc/arm-none-eabi/12.2.1/../../../../arm-none-eabi/lib/thumb/v8-m.main+fp/hard/libc_nano.a(libc_a-findfp.o)
 .debug_frame   0x0000016c       0x20 /home/ubuntu/toolchain/bin/../lib/gcc/arm-none-eabi/12.2.1/../../../../arm-none-eabi/lib/thumb/v8-m.main+fp/hard/libc_nano.a(libc_a-memset.o)
 .debug_frame   0x0000018c       0x2c /home/ubuntu/toolchain/bin/../lib/gcc/arm-none-eabi/12.2.1/../../../../arm-none-eabi/lib/thumb/v8-m.main+fp/hard/libc_nano.a(libc_a-init.o)
 .debug_frame   0x000001b8       0x2c /home/ubuntu/toolchain/bin/../lib/gcc/arm-none-eabi/12.2.1/thumb/v8-m.main+fp/hard/libgcc.a(_aeabi_uldivmod.o)
 .debug_frame   0x000001e4       0x38 /home/ubuntu/toolchain/bin/../lib/gcc/arm-none-eabi/12.2.1/thumb/v8-m.main+fp/hard/libgcc.a(_udivmoddi4.o)
 .debug_frame   0x0000021c       0x20 /home/ubuntu/toolchain/bin/../lib/gcc/arm-none-eabi/12.2.1/../../../../arm-none-eabi/lib/thumb/v8-m.main+fp/hard/libnosys.a(_exit.o)
